Archive member included to satisfy reference by file (symbol)

/home/sebastian95/intelFPGA_lite/16.1/nios2eds/bin/gnu/H-x86_64-pc-linux-gnu/bin/../lib/gcc/nios2-elf/5.3.0/mno-hw-mul/libgcc.a(lib2-mul.o)
                              obj/default/hello_world_small.o (__mulsi3)
/home/sebastian95/intelFPGA_lite/16.1/nios2eds/bin/gnu/H-x86_64-pc-linux-gnu/bin/../lib/gcc/nios2-elf/5.3.0/../../../../../H-x86_64-pc-linux-gnu/nios2-elf/lib/mno-hw-mul/libsmallc.a(lib_a-printf.o)
                              obj/default/hello_world_small.o (printf)
/home/sebastian95/intelFPGA_lite/16.1/nios2eds/bin/gnu/H-x86_64-pc-linux-gnu/bin/../lib/gcc/nios2-elf/5.3.0/../../../../../H-x86_64-pc-linux-gnu/nios2-elf/lib/mno-hw-mul/libsmallc.a(lib_a-vfprintf.o)
                              /home/sebastian95/intelFPGA_lite/16.1/nios2eds/bin/gnu/H-x86_64-pc-linux-gnu/bin/../lib/gcc/nios2-elf/5.3.0/../../../../../H-x86_64-pc-linux-gnu/nios2-elf/lib/mno-hw-mul/libsmallc.a(lib_a-printf.o) (___vfprintf_internal_r)
/home/sebastian95/intelFPGA_lite/16.1/nios2eds/bin/gnu/H-x86_64-pc-linux-gnu/bin/../lib/gcc/nios2-elf/5.3.0/../../../../../H-x86_64-pc-linux-gnu/nios2-elf/lib/mno-hw-mul/libsmallc.a(lib_a-fvwrite_small_dev.o)
                              /home/sebastian95/intelFPGA_lite/16.1/nios2eds/bin/gnu/H-x86_64-pc-linux-gnu/bin/../lib/gcc/nios2-elf/5.3.0/../../../../../H-x86_64-pc-linux-gnu/nios2-elf/lib/mno-hw-mul/libsmallc.a(lib_a-printf.o) (__sfvwrite_small_dev)
/home/sebastian95/intelFPGA_lite/16.1/nios2eds/bin/gnu/H-x86_64-pc-linux-gnu/bin/../lib/gcc/nios2-elf/5.3.0/../../../../../H-x86_64-pc-linux-gnu/nios2-elf/lib/mno-hw-mul/libsmallc.a(lib_a-impure.o)
                              /home/sebastian95/intelFPGA_lite/16.1/nios2eds/bin/gnu/H-x86_64-pc-linux-gnu/bin/../lib/gcc/nios2-elf/5.3.0/../../../../../H-x86_64-pc-linux-gnu/nios2-elf/lib/mno-hw-mul/libsmallc.a(lib_a-printf.o) (_impure_ptr)
/home/sebastian95/intelFPGA_lite/16.1/nios2eds/bin/gnu/H-x86_64-pc-linux-gnu/bin/../lib/gcc/nios2-elf/5.3.0/../../../../../H-x86_64-pc-linux-gnu/nios2-elf/lib/mno-hw-mul/libsmallc.a(lib_a-strlen.o)
                              /home/sebastian95/intelFPGA_lite/16.1/nios2eds/bin/gnu/H-x86_64-pc-linux-gnu/bin/../lib/gcc/nios2-elf/5.3.0/../../../../../H-x86_64-pc-linux-gnu/nios2-elf/lib/mno-hw-mul/libsmallc.a(lib_a-vfprintf.o) (strlen)
/home/sebastian95/intelFPGA_lite/16.1/nios2eds/bin/gnu/H-x86_64-pc-linux-gnu/bin/../lib/gcc/nios2-elf/5.3.0/../../../../../H-x86_64-pc-linux-gnu/nios2-elf/lib/mno-hw-mul/libsmallc.a(lib_a-writer.o)
                              /home/sebastian95/intelFPGA_lite/16.1/nios2eds/bin/gnu/H-x86_64-pc-linux-gnu/bin/../lib/gcc/nios2-elf/5.3.0/../../../../../H-x86_64-pc-linux-gnu/nios2-elf/lib/mno-hw-mul/libsmallc.a(lib_a-fvwrite_small_dev.o) (_write_r)
/home/sebastian95/intelFPGA_lite/16.1/nios2eds/bin/gnu/H-x86_64-pc-linux-gnu/bin/../lib/gcc/nios2-elf/5.3.0/../../../../../H-x86_64-pc-linux-gnu/nios2-elf/lib/mno-hw-mul/libsmallc.a(lib_a-int_errno.o)
                              /home/sebastian95/intelFPGA_lite/16.1/nios2eds/bin/gnu/H-x86_64-pc-linux-gnu/bin/../lib/gcc/nios2-elf/5.3.0/../../../../../H-x86_64-pc-linux-gnu/nios2-elf/lib/mno-hw-mul/libsmallc.a(lib_a-writer.o) (errno)
/home/sebastian95/intelFPGA_lite/16.1/nios2eds/bin/gnu/H-x86_64-pc-linux-gnu/bin/../lib/gcc/nios2-elf/5.3.0/mno-hw-mul/libgcc.a(lib2-divmod.o)
                              /home/sebastian95/intelFPGA_lite/16.1/nios2eds/bin/gnu/H-x86_64-pc-linux-gnu/bin/../lib/gcc/nios2-elf/5.3.0/../../../../../H-x86_64-pc-linux-gnu/nios2-elf/lib/mno-hw-mul/libsmallc.a(lib_a-vfprintf.o) (__udivsi3)
../Image_Filter_bsp//libhal_bsp.a(alt_gettod.o)
                              obj/default/hello_world_small.o (gettimeofday)
../Image_Filter_bsp//libhal_bsp.a(alt_load.o)
                              ../Image_Filter_bsp//obj/HAL/src/crt0.o (alt_load)
../Image_Filter_bsp//libhal_bsp.a(alt_main.o)
                              ../Image_Filter_bsp//obj/HAL/src/crt0.o (alt_main)
../Image_Filter_bsp//libhal_bsp.a(alt_tick.o)
                              ../Image_Filter_bsp//libhal_bsp.a(alt_gettod.o) (_alt_nticks)
../Image_Filter_bsp//libhal_bsp.a(alt_usleep.o)
                              obj/default/hello_world_small.o (usleep)
../Image_Filter_bsp//libhal_bsp.a(alt_write.o)
                              /home/sebastian95/intelFPGA_lite/16.1/nios2eds/bin/gnu/H-x86_64-pc-linux-gnu/bin/../lib/gcc/nios2-elf/5.3.0/../../../../../H-x86_64-pc-linux-gnu/nios2-elf/lib/mno-hw-mul/libsmallc.a(lib_a-writer.o) (write)
../Image_Filter_bsp//libhal_bsp.a(alt_sys_init.o)
                              ../Image_Filter_bsp//libhal_bsp.a(alt_main.o) (alt_irq_init)
../Image_Filter_bsp//libhal_bsp.a(altera_avalon_jtag_uart_write.o)
                              ../Image_Filter_bsp//libhal_bsp.a(alt_write.o) (altera_avalon_jtag_uart_write)
../Image_Filter_bsp//libhal_bsp.a(alt_busy_sleep.o)
                              ../Image_Filter_bsp//libhal_bsp.a(alt_usleep.o) (alt_busy_sleep)
../Image_Filter_bsp//libhal_bsp.a(alt_dcache_flush_all.o)
                              ../Image_Filter_bsp//libhal_bsp.a(alt_load.o) (alt_dcache_flush_all)
../Image_Filter_bsp//libhal_bsp.a(alt_errno.o)
                              ../Image_Filter_bsp//libhal_bsp.a(alt_write.o) (alt_errno)
../Image_Filter_bsp//libhal_bsp.a(alt_icache_flush_all.o)
                              ../Image_Filter_bsp//libhal_bsp.a(alt_load.o) (alt_icache_flush_all)
../Image_Filter_bsp//libhal_bsp.a(altera_nios2_gen2_irq.o)
                              ../Image_Filter_bsp//libhal_bsp.a(alt_sys_init.o) (altera_nios2_gen2_irq_init)
/home/sebastian95/intelFPGA_lite/16.1/nios2eds/bin/gnu/H-x86_64-pc-linux-gnu/bin/../lib/gcc/nios2-elf/5.3.0/mno-hw-mul/libgcc.a(_muldi3.o)
                              ../Image_Filter_bsp//libhal_bsp.a(alt_gettod.o) (__muldi3)
/home/sebastian95/intelFPGA_lite/16.1/nios2eds/bin/gnu/H-x86_64-pc-linux-gnu/bin/../lib/gcc/nios2-elf/5.3.0/mno-hw-mul/libgcc.a(_umoddi3.o)
                              ../Image_Filter_bsp//libhal_bsp.a(alt_gettod.o) (__umoddi3)
/home/sebastian95/intelFPGA_lite/16.1/nios2eds/bin/gnu/H-x86_64-pc-linux-gnu/bin/../lib/gcc/nios2-elf/5.3.0/mno-hw-mul/libgcc.a(_clz.o)
                              /home/sebastian95/intelFPGA_lite/16.1/nios2eds/bin/gnu/H-x86_64-pc-linux-gnu/bin/../lib/gcc/nios2-elf/5.3.0/mno-hw-mul/libgcc.a(_umoddi3.o) (__clz_tab)

Allocating common symbols
Common symbol       size              file

errno               0x4               /home/sebastian95/intelFPGA_lite/16.1/nios2eds/bin/gnu/H-x86_64-pc-linux-gnu/bin/../lib/gcc/nios2-elf/5.3.0/../../../../../H-x86_64-pc-linux-gnu/nios2-elf/lib/mno-hw-mul/libsmallc.a(lib_a-int_errno.o)
ancho               0x4               obj/default/hello_world_small.o

Memory Configuration

Name             Origin             Length             Attributes
reset            0x0000000000000000 0x0000000000000020
onchip           0x0000000000000020 0x0000000000003fe0
sdram            0x0000000004000000 0x0000000004000000
*default*        0x0000000000000000 0xffffffffffffffff

Linker script and memory map

LOAD ../Image_Filter_bsp//obj/HAL/src/crt0.o
LOAD obj/default/hello_world_small.o
LOAD /home/sebastian95/intelFPGA_lite/16.1/nios2eds/bin/gnu/H-x86_64-pc-linux-gnu/bin/../lib/gcc/nios2-elf/5.3.0/../../../../../H-x86_64-pc-linux-gnu/nios2-elf/lib/mno-hw-mul/libstdc++.a
LOAD /home/sebastian95/intelFPGA_lite/16.1/nios2eds/bin/gnu/H-x86_64-pc-linux-gnu/bin/../lib/gcc/nios2-elf/5.3.0/../../../../../H-x86_64-pc-linux-gnu/nios2-elf/lib/mno-hw-mul/libm.a
LOAD /home/sebastian95/intelFPGA_lite/16.1/nios2eds/bin/gnu/H-x86_64-pc-linux-gnu/bin/../lib/gcc/nios2-elf/5.3.0/mno-hw-mul/libgcc.a
START GROUP
LOAD /home/sebastian95/intelFPGA_lite/16.1/nios2eds/bin/gnu/H-x86_64-pc-linux-gnu/bin/../lib/gcc/nios2-elf/5.3.0/../../../../../H-x86_64-pc-linux-gnu/nios2-elf/lib/mno-hw-mul/libsmallc.a
LOAD /home/sebastian95/intelFPGA_lite/16.1/nios2eds/bin/gnu/H-x86_64-pc-linux-gnu/bin/../lib/gcc/nios2-elf/5.3.0/mno-hw-mul/libgcc.a
LOAD ../Image_Filter_bsp//libhal_bsp.a
LOAD /home/sebastian95/intelFPGA_lite/16.1/nios2eds/bin/gnu/H-x86_64-pc-linux-gnu/bin/../lib/gcc/nios2-elf/5.3.0/../../../../../H-x86_64-pc-linux-gnu/nios2-elf/lib/mno-hw-mul/libm.a
END GROUP
LOAD /home/sebastian95/intelFPGA_lite/16.1/nios2eds/bin/gnu/H-x86_64-pc-linux-gnu/bin/../lib/gcc/nios2-elf/5.3.0/mno-hw-mul/libgcc.a
                0x0000000000000000                __alt_mem_onchip = 0x0
                0x0000000004000000                __alt_mem_sdram = 0x4000000

.entry          0x0000000000000000       0x20
 *(.entry)
 .entry         0x0000000000000000       0x20 ../Image_Filter_bsp//obj/HAL/src/crt0.o
                0x0000000000000000                __reset
                0x000000000000000c                _exit

.exceptions     0x0000000000000020        0x0
                0x0000000000000020                PROVIDE (__ram_exceptions_start, ABSOLUTE (.))
                0x0000000000000020                . = ALIGN (0x20)
 *(.irq)
 *(.exceptions.entry.label)
 *(.exceptions.entry.user)
 *(.exceptions.entry.ecc_fatal)
 *(.exceptions.entry)
 *(.exceptions.irqtest.user)
 *(.exceptions.irqtest)
 *(.exceptions.irqhandler.user)
 *(.exceptions.irqhandler)
 *(.exceptions.irqreturn.user)
 *(.exceptions.irqreturn)
 *(.exceptions.notirq.label)
 *(.exceptions.notirq.user)
 *(.exceptions.notirq)
 *(.exceptions.soft.user)
 *(.exceptions.soft)
 *(.exceptions.unknown.user)
 *(.exceptions.unknown)
 *(.exceptions.exit.label)
 *(.exceptions.exit.user)
 *(.exceptions.exit)
 *(.exceptions)
                0x0000000000000020                PROVIDE (__ram_exceptions_end, ABSOLUTE (.))
                0x0000000000000020                PROVIDE (__flash_exceptions_start, LOADADDR (.exceptions))

.text           0x0000000000000020     0x18e0
                [!provide]                        PROVIDE (stext, ABSOLUTE (.))
 *(.interp)
 *(.hash)
 *(.dynsym)
 *(.dynstr)
 *(.gnu.version)
 *(.gnu.version_d)
 *(.gnu.version_r)
 *(.rel.init)
 *(.rela.init)
 *(.rel.text .rel.text.* .rel.gnu.linkonce.t.*)
 *(.rela.text .rela.text.* .rela.gnu.linkonce.t.*)
 *(.rel.fini)
 *(.rela.fini)
 *(.rel.rodata .rel.rodata.* .rel.gnu.linkonce.r.*)
 *(.rela.rodata .rela.rodata.* .rela.gnu.linkonce.r.*)
 *(.rel.data .rel.data.* .rel.gnu.linkonce.d.*)
 *(.rela.data .rela.data.* .rela.gnu.linkonce.d.*)
 *(.rel.tdata .rel.tdata.* .rel.gnu.linkonce.td.*)
 *(.rela.tdata .rela.tdata.* .rela.gnu.linkonce.td.*)
 *(.rel.tbss .rel.tbss.* .rel.gnu.linkonce.tb.*)
 *(.rela.tbss .rela.tbss.* .rela.gnu.linkonce.tb.*)
 *(.rel.ctors)
 *(.rela.ctors)
 *(.rel.dtors)
 *(.rela.dtors)
 *(.rel.got)
 *(.rela.got)
 *(.rel.sdata .rel.sdata.* .rel.gnu.linkonce.s.*)
 *(.rela.sdata .rela.sdata.* .rela.gnu.linkonce.s.*)
 *(.rel.sbss .rel.sbss.* .rel.gnu.linkonce.sb.*)
 *(.rela.sbss .rela.sbss.* .rela.gnu.linkonce.sb.*)
 *(.rel.sdata2 .rel.sdata2.* .rel.gnu.linkonce.s2.*)
 *(.rela.sdata2 .rela.sdata2.* .rela.gnu.linkonce.s2.*)
 *(.rel.sbss2 .rel.sbss2.* .rel.gnu.linkonce.sb2.*)
 *(.rela.sbss2 .rela.sbss2.* .rela.gnu.linkonce.sb2.*)
 *(.rel.bss .rel.bss.* .rel.gnu.linkonce.b.*)
 *(.rela.bss .rela.bss.* .rela.gnu.linkonce.b.*)
 *(.rel.plt)
 *(.rela.plt)
 *(.rel.dyn)
 *(.init)
 *(.plt)
 *(.text .stub .text.* .gnu.linkonce.t.*)
 .text          0x0000000000000020       0x3c ../Image_Filter_bsp//obj/HAL/src/crt0.o
                0x0000000000000020                _start
 .text          0x000000000000005c      0x2c4 obj/default/hello_world_small.o
                0x000000000000005c                index
                0x0000000000000088                pix
                0x00000000000000c0                current_timestamp
                0x00000000000000f8                doFilter
 .text.startup  0x0000000000000320      0x14c obj/default/hello_world_small.o
                0x0000000000000320                main
 .text          0x000000000000046c       0x28 /home/sebastian95/intelFPGA_lite/16.1/nios2eds/bin/gnu/H-x86_64-pc-linux-gnu/bin/../lib/gcc/nios2-elf/5.3.0/mno-hw-mul/libgcc.a(lib2-mul.o)
                0x000000000000046c                __mulsi3
 .text          0x0000000000000494        0x0 /home/sebastian95/intelFPGA_lite/16.1/nios2eds/bin/gnu/H-x86_64-pc-linux-gnu/bin/../lib/gcc/nios2-elf/5.3.0/../../../../../H-x86_64-pc-linux-gnu/nios2-elf/lib/mno-hw-mul/libsmallc.a(lib_a-printf.o)
 .text._printf_r
                0x0000000000000494       0x3c /home/sebastian95/intelFPGA_lite/16.1/nios2eds/bin/gnu/H-x86_64-pc-linux-gnu/bin/../lib/gcc/nios2-elf/5.3.0/../../../../../H-x86_64-pc-linux-gnu/nios2-elf/lib/mno-hw-mul/libsmallc.a(lib_a-printf.o)
                0x0000000000000494                _printf_r
 .text.printf   0x00000000000004d0       0x4c /home/sebastian95/intelFPGA_lite/16.1/nios2eds/bin/gnu/H-x86_64-pc-linux-gnu/bin/../lib/gcc/nios2-elf/5.3.0/../../../../../H-x86_64-pc-linux-gnu/nios2-elf/lib/mno-hw-mul/libsmallc.a(lib_a-printf.o)
                0x00000000000004d0                printf
 .text          0x000000000000051c        0x0 /home/sebastian95/intelFPGA_lite/16.1/nios2eds/bin/gnu/H-x86_64-pc-linux-gnu/bin/../lib/gcc/nios2-elf/5.3.0/../../../../../H-x86_64-pc-linux-gnu/nios2-elf/lib/mno-hw-mul/libsmallc.a(lib_a-vfprintf.o)
 .text.print_repeat
                0x000000000000051c       0x6c /home/sebastian95/intelFPGA_lite/16.1/nios2eds/bin/gnu/H-x86_64-pc-linux-gnu/bin/../lib/gcc/nios2-elf/5.3.0/../../../../../H-x86_64-pc-linux-gnu/nios2-elf/lib/mno-hw-mul/libsmallc.a(lib_a-vfprintf.o)
 .text.___vfprintf_internal_r
                0x0000000000000588      0x52c /home/sebastian95/intelFPGA_lite/16.1/nios2eds/bin/gnu/H-x86_64-pc-linux-gnu/bin/../lib/gcc/nios2-elf/5.3.0/../../../../../H-x86_64-pc-linux-gnu/nios2-elf/lib/mno-hw-mul/libsmallc.a(lib_a-vfprintf.o)
                0x0000000000000588                ___vfprintf_internal_r
 .text.__vfprintf_internal
                0x0000000000000ab4       0x1c /home/sebastian95/intelFPGA_lite/16.1/nios2eds/bin/gnu/H-x86_64-pc-linux-gnu/bin/../lib/gcc/nios2-elf/5.3.0/../../../../../H-x86_64-pc-linux-gnu/nios2-elf/lib/mno-hw-mul/libsmallc.a(lib_a-vfprintf.o)
                0x0000000000000ab4                __vfprintf_internal
 .text          0x0000000000000ad0        0x0 /home/sebastian95/intelFPGA_lite/16.1/nios2eds/bin/gnu/H-x86_64-pc-linux-gnu/bin/../lib/gcc/nios2-elf/5.3.0/../../../../../H-x86_64-pc-linux-gnu/nios2-elf/lib/mno-hw-mul/libsmallc.a(lib_a-fvwrite_small_dev.o)
 .text.__sfvwrite_small_dev
                0x0000000000000ad0       0xb8 /home/sebastian95/intelFPGA_lite/16.1/nios2eds/bin/gnu/H-x86_64-pc-linux-gnu/bin/../lib/gcc/nios2-elf/5.3.0/../../../../../H-x86_64-pc-linux-gnu/nios2-elf/lib/mno-hw-mul/libsmallc.a(lib_a-fvwrite_small_dev.o)
                0x0000000000000ad0                __sfvwrite_small_dev
 .text          0x0000000000000b88        0x0 /home/sebastian95/intelFPGA_lite/16.1/nios2eds/bin/gnu/H-x86_64-pc-linux-gnu/bin/../lib/gcc/nios2-elf/5.3.0/../../../../../H-x86_64-pc-linux-gnu/nios2-elf/lib/mno-hw-mul/libsmallc.a(lib_a-impure.o)
 .text          0x0000000000000b88        0x0 /home/sebastian95/intelFPGA_lite/16.1/nios2eds/bin/gnu/H-x86_64-pc-linux-gnu/bin/../lib/gcc/nios2-elf/5.3.0/../../../../../H-x86_64-pc-linux-gnu/nios2-elf/lib/mno-hw-mul/libsmallc.a(lib_a-strlen.o)
 .text.strlen   0x0000000000000b88       0x1c /home/sebastian95/intelFPGA_lite/16.1/nios2eds/bin/gnu/H-x86_64-pc-linux-gnu/bin/../lib/gcc/nios2-elf/5.3.0/../../../../../H-x86_64-pc-linux-gnu/nios2-elf/lib/mno-hw-mul/libsmallc.a(lib_a-strlen.o)
                0x0000000000000b88                strlen
 .text          0x0000000000000ba4        0x0 /home/sebastian95/intelFPGA_lite/16.1/nios2eds/bin/gnu/H-x86_64-pc-linux-gnu/bin/../lib/gcc/nios2-elf/5.3.0/../../../../../H-x86_64-pc-linux-gnu/nios2-elf/lib/mno-hw-mul/libsmallc.a(lib_a-writer.o)
 .text._write_r
                0x0000000000000ba4       0x58 /home/sebastian95/intelFPGA_lite/16.1/nios2eds/bin/gnu/H-x86_64-pc-linux-gnu/bin/../lib/gcc/nios2-elf/5.3.0/../../../../../H-x86_64-pc-linux-gnu/nios2-elf/lib/mno-hw-mul/libsmallc.a(lib_a-writer.o)
                0x0000000000000ba4                _write_r
 .text          0x0000000000000bfc        0x0 /home/sebastian95/intelFPGA_lite/16.1/nios2eds/bin/gnu/H-x86_64-pc-linux-gnu/bin/../lib/gcc/nios2-elf/5.3.0/../../../../../H-x86_64-pc-linux-gnu/nios2-elf/lib/mno-hw-mul/libsmallc.a(lib_a-int_errno.o)
 .text          0x0000000000000bfc      0x1b4 /home/sebastian95/intelFPGA_lite/16.1/nios2eds/bin/gnu/H-x86_64-pc-linux-gnu/bin/../lib/gcc/nios2-elf/5.3.0/mno-hw-mul/libgcc.a(lib2-divmod.o)
                0x0000000000000bfc                __divsi3
                0x0000000000000c80                __modsi3
                0x0000000000000cf4                __udivsi3
                0x0000000000000d58                __umodsi3
 .text          0x0000000000000db0      0x134 ../Image_Filter_bsp//libhal_bsp.a(alt_gettod.o)
                0x0000000000000db0                gettimeofday
 .text          0x0000000000000ee4       0xe0 ../Image_Filter_bsp//libhal_bsp.a(alt_load.o)
                0x0000000000000ee4                alt_load
 .text          0x0000000000000fc4       0x2c ../Image_Filter_bsp//libhal_bsp.a(alt_main.o)
                0x0000000000000fc4                alt_main
 .text          0x0000000000000ff0       0xec ../Image_Filter_bsp//libhal_bsp.a(alt_tick.o)
                0x0000000000000ff0                alt_alarm_stop
                0x0000000000001024                alt_tick
 .text          0x00000000000010dc        0x4 ../Image_Filter_bsp//libhal_bsp.a(alt_usleep.o)
                0x00000000000010dc                usleep
 .text          0x00000000000010e0       0x60 ../Image_Filter_bsp//libhal_bsp.a(alt_write.o)
                0x00000000000010e0                write
 .text          0x0000000000001140       0x24 ../Image_Filter_bsp//libhal_bsp.a(alt_sys_init.o)
                0x0000000000001140                alt_irq_init
                0x0000000000001160                alt_sys_init
 .text          0x0000000000001164       0x34 ../Image_Filter_bsp//libhal_bsp.a(altera_avalon_jtag_uart_write.o)
                0x0000000000001164                altera_avalon_jtag_uart_write
 .text          0x0000000000001198       0x88 ../Image_Filter_bsp//libhal_bsp.a(alt_busy_sleep.o)
                0x0000000000001198                alt_busy_sleep
 .text          0x0000000000001220        0x4 ../Image_Filter_bsp//libhal_bsp.a(alt_dcache_flush_all.o)
                0x0000000000001220                alt_dcache_flush_all
 .text          0x0000000000001224        0x0 ../Image_Filter_bsp//libhal_bsp.a(alt_errno.o)
 .text          0x0000000000001224        0x4 ../Image_Filter_bsp//libhal_bsp.a(alt_icache_flush_all.o)
                0x0000000000001224                alt_icache_flush_all
 .text          0x0000000000001228        0x8 ../Image_Filter_bsp//libhal_bsp.a(altera_nios2_gen2_irq.o)
                0x0000000000001228                altera_nios2_gen2_irq_init
 .text          0x0000000000001230      0x10c /home/sebastian95/intelFPGA_lite/16.1/nios2eds/bin/gnu/H-x86_64-pc-linux-gnu/bin/../lib/gcc/nios2-elf/5.3.0/mno-hw-mul/libgcc.a(_muldi3.o)
                0x0000000000001230                __muldi3
 .text          0x000000000000133c      0x5c4 /home/sebastian95/intelFPGA_lite/16.1/nios2eds/bin/gnu/H-x86_64-pc-linux-gnu/bin/../lib/gcc/nios2-elf/5.3.0/mno-hw-mul/libgcc.a(_umoddi3.o)
                0x000000000000133c                __umoddi3
 .text          0x0000000000001900        0x0 /home/sebastian95/intelFPGA_lite/16.1/nios2eds/bin/gnu/H-x86_64-pc-linux-gnu/bin/../lib/gcc/nios2-elf/5.3.0/mno-hw-mul/libgcc.a(_clz.o)
 *(.gnu.warning.*)
 *(.fini)
                [!provide]                        PROVIDE (__etext, ABSOLUTE (.))
                [!provide]                        PROVIDE (_etext, ABSOLUTE (.))
                [!provide]                        PROVIDE (etext, ABSOLUTE (.))
 *(.eh_frame_hdr)
                0x0000000000001900                . = ALIGN (0x4)
                [!provide]                        PROVIDE (__preinit_array_start, ABSOLUTE (.))
 *(.preinit_array)
                [!provide]                        PROVIDE (__preinit_array_end, ABSOLUTE (.))
                [!provide]                        PROVIDE (__init_array_start, ABSOLUTE (.))
 *(.init_array)
                [!provide]                        PROVIDE (__init_array_end, ABSOLUTE (.))
                [!provide]                        PROVIDE (__fini_array_start, ABSOLUTE (.))
 *(.fini_array)
                [!provide]                        PROVIDE (__fini_array_end, ABSOLUTE (.))
 *(.eh_frame)
 *(.gcc_except_table .gcc_except_table.*)
 *(.dynamic)
                [!provide]                        PROVIDE (__CTOR_LIST__, ABSOLUTE (.))
 *(.ctors)
 *(SORT(.ctors.*))
                [!provide]                        PROVIDE (__CTOR_END__, ABSOLUTE (.))
                [!provide]                        PROVIDE (__DTOR_LIST__, ABSOLUTE (.))
 *(.dtors)
 *(SORT(.dtors.*))
                [!provide]                        PROVIDE (__DTOR_END__, ABSOLUTE (.))
 *(.jcr)
                0x0000000000001900                . = ALIGN (0x4)

.rodata         0x0000000004000000      0x198 load address 0x0000000000001900
                0x0000000004000000                PROVIDE (__ram_rodata_start, ABSOLUTE (.))
                0x0000000004000000                . = ALIGN (0x4)
 *(.rodata .rodata.* .gnu.linkonce.r.*)
 .rodata.str1.4
                0x0000000004000000       0x98 obj/default/hello_world_small.o
                                         0x97 (size before relaxing)
 .rodata        0x0000000004000098      0x100 /home/sebastian95/intelFPGA_lite/16.1/nios2eds/bin/gnu/H-x86_64-pc-linux-gnu/bin/../lib/gcc/nios2-elf/5.3.0/mno-hw-mul/libgcc.a(_clz.o)
                0x0000000004000098                __clz_tab
 *(.rodata1)
                0x0000000004000198                . = ALIGN (0x4)
                0x0000000004000198                PROVIDE (__ram_rodata_end, ABSOLUTE (.))
                0x0000000000001900                PROVIDE (__flash_rodata_start, LOADADDR (.rodata))

.rwdata         0x0000000004000198       0xf8 load address 0x0000000000001a98
                0x0000000004000198                PROVIDE (__ram_rwdata_start, ABSOLUTE (.))
                0x0000000004000198                . = ALIGN (0x4)
 *(.got.plt)
 *(.got)
 *(.data1)
 *(.data .data.* .gnu.linkonce.d.*)
 .data          0x0000000004000198        0x0 ../Image_Filter_bsp//obj/HAL/src/crt0.o
 .data          0x0000000004000198        0x0 obj/default/hello_world_small.o
 .data          0x0000000004000198        0x0 /home/sebastian95/intelFPGA_lite/16.1/nios2eds/bin/gnu/H-x86_64-pc-linux-gnu/bin/../lib/gcc/nios2-elf/5.3.0/mno-hw-mul/libgcc.a(lib2-mul.o)
 .data          0x0000000004000198        0x0 /home/sebastian95/intelFPGA_lite/16.1/nios2eds/bin/gnu/H-x86_64-pc-linux-gnu/bin/../lib/gcc/nios2-elf/5.3.0/../../../../../H-x86_64-pc-linux-gnu/nios2-elf/lib/mno-hw-mul/libsmallc.a(lib_a-printf.o)
 .data          0x0000000004000198        0x0 /home/sebastian95/intelFPGA_lite/16.1/nios2eds/bin/gnu/H-x86_64-pc-linux-gnu/bin/../lib/gcc/nios2-elf/5.3.0/../../../../../H-x86_64-pc-linux-gnu/nios2-elf/lib/mno-hw-mul/libsmallc.a(lib_a-vfprintf.o)
 .data          0x0000000004000198        0x0 /home/sebastian95/intelFPGA_lite/16.1/nios2eds/bin/gnu/H-x86_64-pc-linux-gnu/bin/../lib/gcc/nios2-elf/5.3.0/../../../../../H-x86_64-pc-linux-gnu/nios2-elf/lib/mno-hw-mul/libsmallc.a(lib_a-fvwrite_small_dev.o)
 .data          0x0000000004000198        0x0 /home/sebastian95/intelFPGA_lite/16.1/nios2eds/bin/gnu/H-x86_64-pc-linux-gnu/bin/../lib/gcc/nios2-elf/5.3.0/../../../../../H-x86_64-pc-linux-gnu/nios2-elf/lib/mno-hw-mul/libsmallc.a(lib_a-impure.o)
 .data.impure_data
                0x0000000004000198       0xe0 /home/sebastian95/intelFPGA_lite/16.1/nios2eds/bin/gnu/H-x86_64-pc-linux-gnu/bin/../lib/gcc/nios2-elf/5.3.0/../../../../../H-x86_64-pc-linux-gnu/nios2-elf/lib/mno-hw-mul/libsmallc.a(lib_a-impure.o)
 .data          0x0000000004000278        0x0 /home/sebastian95/intelFPGA_lite/16.1/nios2eds/bin/gnu/H-x86_64-pc-linux-gnu/bin/../lib/gcc/nios2-elf/5.3.0/../../../../../H-x86_64-pc-linux-gnu/nios2-elf/lib/mno-hw-mul/libsmallc.a(lib_a-strlen.o)
 .data          0x0000000004000278        0x0 /home/sebastian95/intelFPGA_lite/16.1/nios2eds/bin/gnu/H-x86_64-pc-linux-gnu/bin/../lib/gcc/nios2-elf/5.3.0/../../../../../H-x86_64-pc-linux-gnu/nios2-elf/lib/mno-hw-mul/libsmallc.a(lib_a-writer.o)
 .data          0x0000000004000278        0x0 /home/sebastian95/intelFPGA_lite/16.1/nios2eds/bin/gnu/H-x86_64-pc-linux-gnu/bin/../lib/gcc/nios2-elf/5.3.0/../../../../../H-x86_64-pc-linux-gnu/nios2-elf/lib/mno-hw-mul/libsmallc.a(lib_a-int_errno.o)
 .data          0x0000000004000278        0x0 /home/sebastian95/intelFPGA_lite/16.1/nios2eds/bin/gnu/H-x86_64-pc-linux-gnu/bin/../lib/gcc/nios2-elf/5.3.0/mno-hw-mul/libgcc.a(lib2-divmod.o)
 .data          0x0000000004000278        0x0 ../Image_Filter_bsp//libhal_bsp.a(alt_gettod.o)
 .data          0x0000000004000278        0x0 ../Image_Filter_bsp//libhal_bsp.a(alt_load.o)
 .data          0x0000000004000278        0x0 ../Image_Filter_bsp//libhal_bsp.a(alt_main.o)
 .data          0x0000000004000278        0x0 ../Image_Filter_bsp//libhal_bsp.a(alt_tick.o)
 .data          0x0000000004000278        0x0 ../Image_Filter_bsp//libhal_bsp.a(alt_usleep.o)
 .data          0x0000000004000278        0x0 ../Image_Filter_bsp//libhal_bsp.a(alt_write.o)
 .data          0x0000000004000278        0x0 ../Image_Filter_bsp//libhal_bsp.a(alt_sys_init.o)
 .data          0x0000000004000278        0x0 ../Image_Filter_bsp//libhal_bsp.a(altera_avalon_jtag_uart_write.o)
 .data          0x0000000004000278        0x0 ../Image_Filter_bsp//libhal_bsp.a(alt_busy_sleep.o)
 .data          0x0000000004000278        0x0 ../Image_Filter_bsp//libhal_bsp.a(alt_dcache_flush_all.o)
 .data          0x0000000004000278        0x0 ../Image_Filter_bsp//libhal_bsp.a(alt_errno.o)
 .data          0x0000000004000278        0x0 ../Image_Filter_bsp//libhal_bsp.a(alt_icache_flush_all.o)
 .data          0x0000000004000278        0x0 ../Image_Filter_bsp//libhal_bsp.a(altera_nios2_gen2_irq.o)
 .data          0x0000000004000278        0x0 /home/sebastian95/intelFPGA_lite/16.1/nios2eds/bin/gnu/H-x86_64-pc-linux-gnu/bin/../lib/gcc/nios2-elf/5.3.0/mno-hw-mul/libgcc.a(_muldi3.o)
 .data          0x0000000004000278        0x0 /home/sebastian95/intelFPGA_lite/16.1/nios2eds/bin/gnu/H-x86_64-pc-linux-gnu/bin/../lib/gcc/nios2-elf/5.3.0/mno-hw-mul/libgcc.a(_umoddi3.o)
 .data          0x0000000004000278        0x0 /home/sebastian95/intelFPGA_lite/16.1/nios2eds/bin/gnu/H-x86_64-pc-linux-gnu/bin/../lib/gcc/nios2-elf/5.3.0/mno-hw-mul/libgcc.a(_clz.o)
                0x0000000004008278                _gp = ABSOLUTE ((. + 0x8000))
                [!provide]                        PROVIDE (gp, _gp)
 *(.rwdata .rwdata.*)
 *(.sdata .sdata.* .gnu.linkonce.s.*)
 .sdata._global_impure_ptr
                0x0000000004000278        0x4 /home/sebastian95/intelFPGA_lite/16.1/nios2eds/bin/gnu/H-x86_64-pc-linux-gnu/bin/../lib/gcc/nios2-elf/5.3.0/../../../../../H-x86_64-pc-linux-gnu/nios2-elf/lib/mno-hw-mul/libsmallc.a(lib_a-impure.o)
                0x0000000004000278                _global_impure_ptr
 .sdata._impure_ptr
                0x000000000400027c        0x4 /home/sebastian95/intelFPGA_lite/16.1/nios2eds/bin/gnu/H-x86_64-pc-linux-gnu/bin/../lib/gcc/nios2-elf/5.3.0/../../../../../H-x86_64-pc-linux-gnu/nios2-elf/lib/mno-hw-mul/libsmallc.a(lib_a-impure.o)
                0x000000000400027c                _impure_ptr
 .sdata         0x0000000004000280        0x8 ../Image_Filter_bsp//libhal_bsp.a(alt_tick.o)
                0x0000000004000280                alt_alarm_list
 .sdata         0x0000000004000288        0x4 ../Image_Filter_bsp//libhal_bsp.a(alt_sys_init.o)
                0x0000000004000288                jtag_uart_0
 .sdata         0x000000000400028c        0x4 ../Image_Filter_bsp//libhal_bsp.a(alt_errno.o)
                0x000000000400028c                alt_errno
 *(.sdata2 .sdata2.* .gnu.linkonce.s2.*)
                0x0000000004000290                . = ALIGN (0x4)
                0x0000000004000290                _edata = ABSOLUTE (.)
                [!provide]                        PROVIDE (edata, ABSOLUTE (.))
                0x0000000004000290                PROVIDE (__ram_rwdata_end, ABSOLUTE (.))
                0x0000000000001a98                PROVIDE (__flash_rwdata_start, LOADADDR (.rwdata))

.bss            0x0000000004000290       0x2c load address 0x0000000000001b90
                0x0000000004000290                __bss_start = ABSOLUTE (.)
                [!provide]                        PROVIDE (__sbss_start, ABSOLUTE (.))
                [!provide]                        PROVIDE (___sbss_start, ABSOLUTE (.))
 *(.dynsbss)
 *(.sbss .sbss.* .gnu.linkonce.sb.*)
 .sbss          0x0000000004000290        0x4 obj/default/hello_world_small.o
                0x0000000004000290                ancho
 .sbss          0x0000000004000294        0x4 /home/sebastian95/intelFPGA_lite/16.1/nios2eds/bin/gnu/H-x86_64-pc-linux-gnu/bin/../lib/gcc/nios2-elf/5.3.0/../../../../../H-x86_64-pc-linux-gnu/nios2-elf/lib/mno-hw-mul/libsmallc.a(lib_a-int_errno.o)
                0x0000000004000294                errno
 .sbss          0x0000000004000298       0x10 ../Image_Filter_bsp//libhal_bsp.a(alt_gettod.o)
                0x0000000004000298                alt_resettime
                0x00000000040002a0                alt_timezone
 .sbss          0x00000000040002a8        0xc ../Image_Filter_bsp//libhal_bsp.a(alt_main.o)
                0x00000000040002a8                alt_envp
                0x00000000040002ac                alt_argv
                0x00000000040002b0                alt_argc
 .sbss          0x00000000040002b4        0x8 ../Image_Filter_bsp//libhal_bsp.a(alt_tick.o)
                0x00000000040002b4                _alt_nticks
                0x00000000040002b8                _alt_tick_rate
 *(.sbss2 .sbss2.* .gnu.linkonce.sb2.*)
 *(.scommon)
                [!provide]                        PROVIDE (__sbss_end, ABSOLUTE (.))
                [!provide]                        PROVIDE (___sbss_end, ABSOLUTE (.))
 *(.dynbss)
 *(.bss .bss.* .gnu.linkonce.b.*)
 .bss           0x00000000040002bc        0x0 ../Image_Filter_bsp//obj/HAL/src/crt0.o
 .bss           0x00000000040002bc        0x0 obj/default/hello_world_small.o
 .bss           0x00000000040002bc        0x0 /home/sebastian95/intelFPGA_lite/16.1/nios2eds/bin/gnu/H-x86_64-pc-linux-gnu/bin/../lib/gcc/nios2-elf/5.3.0/mno-hw-mul/libgcc.a(lib2-mul.o)
 .bss           0x00000000040002bc        0x0 /home/sebastian95/intelFPGA_lite/16.1/nios2eds/bin/gnu/H-x86_64-pc-linux-gnu/bin/../lib/gcc/nios2-elf/5.3.0/../../../../../H-x86_64-pc-linux-gnu/nios2-elf/lib/mno-hw-mul/libsmallc.a(lib_a-printf.o)
 .bss           0x00000000040002bc        0x0 /home/sebastian95/intelFPGA_lite/16.1/nios2eds/bin/gnu/H-x86_64-pc-linux-gnu/bin/../lib/gcc/nios2-elf/5.3.0/../../../../../H-x86_64-pc-linux-gnu/nios2-elf/lib/mno-hw-mul/libsmallc.a(lib_a-vfprintf.o)
 .bss           0x00000000040002bc        0x0 /home/sebastian95/intelFPGA_lite/16.1/nios2eds/bin/gnu/H-x86_64-pc-linux-gnu/bin/../lib/gcc/nios2-elf/5.3.0/../../../../../H-x86_64-pc-linux-gnu/nios2-elf/lib/mno-hw-mul/libsmallc.a(lib_a-fvwrite_small_dev.o)
 .bss           0x00000000040002bc        0x0 /home/sebastian95/intelFPGA_lite/16.1/nios2eds/bin/gnu/H-x86_64-pc-linux-gnu/bin/../lib/gcc/nios2-elf/5.3.0/../../../../../H-x86_64-pc-linux-gnu/nios2-elf/lib/mno-hw-mul/libsmallc.a(lib_a-impure.o)
 .bss           0x00000000040002bc        0x0 /home/sebastian95/intelFPGA_lite/16.1/nios2eds/bin/gnu/H-x86_64-pc-linux-gnu/bin/../lib/gcc/nios2-elf/5.3.0/../../../../../H-x86_64-pc-linux-gnu/nios2-elf/lib/mno-hw-mul/libsmallc.a(lib_a-strlen.o)
 .bss           0x00000000040002bc        0x0 /home/sebastian95/intelFPGA_lite/16.1/nios2eds/bin/gnu/H-x86_64-pc-linux-gnu/bin/../lib/gcc/nios2-elf/5.3.0/../../../../../H-x86_64-pc-linux-gnu/nios2-elf/lib/mno-hw-mul/libsmallc.a(lib_a-writer.o)
 .bss           0x00000000040002bc        0x0 /home/sebastian95/intelFPGA_lite/16.1/nios2eds/bin/gnu/H-x86_64-pc-linux-gnu/bin/../lib/gcc/nios2-elf/5.3.0/../../../../../H-x86_64-pc-linux-gnu/nios2-elf/lib/mno-hw-mul/libsmallc.a(lib_a-int_errno.o)
 .bss           0x00000000040002bc        0x0 /home/sebastian95/intelFPGA_lite/16.1/nios2eds/bin/gnu/H-x86_64-pc-linux-gnu/bin/../lib/gcc/nios2-elf/5.3.0/mno-hw-mul/libgcc.a(lib2-divmod.o)
 .bss           0x00000000040002bc        0x0 ../Image_Filter_bsp//libhal_bsp.a(alt_gettod.o)
 .bss           0x00000000040002bc        0x0 ../Image_Filter_bsp//libhal_bsp.a(alt_load.o)
 .bss           0x00000000040002bc        0x0 ../Image_Filter_bsp//libhal_bsp.a(alt_main.o)
 .bss           0x00000000040002bc        0x0 ../Image_Filter_bsp//libhal_bsp.a(alt_tick.o)
 .bss           0x00000000040002bc        0x0 ../Image_Filter_bsp//libhal_bsp.a(alt_usleep.o)
 .bss           0x00000000040002bc        0x0 ../Image_Filter_bsp//libhal_bsp.a(alt_write.o)
 .bss           0x00000000040002bc        0x0 ../Image_Filter_bsp//libhal_bsp.a(alt_sys_init.o)
 .bss           0x00000000040002bc        0x0 ../Image_Filter_bsp//libhal_bsp.a(altera_avalon_jtag_uart_write.o)
 .bss           0x00000000040002bc        0x0 ../Image_Filter_bsp//libhal_bsp.a(alt_busy_sleep.o)
 .bss           0x00000000040002bc        0x0 ../Image_Filter_bsp//libhal_bsp.a(alt_dcache_flush_all.o)
 .bss           0x00000000040002bc        0x0 ../Image_Filter_bsp//libhal_bsp.a(alt_errno.o)
 .bss           0x00000000040002bc        0x0 ../Image_Filter_bsp//libhal_bsp.a(alt_icache_flush_all.o)
 .bss           0x00000000040002bc        0x0 ../Image_Filter_bsp//libhal_bsp.a(altera_nios2_gen2_irq.o)
 .bss           0x00000000040002bc        0x0 /home/sebastian95/intelFPGA_lite/16.1/nios2eds/bin/gnu/H-x86_64-pc-linux-gnu/bin/../lib/gcc/nios2-elf/5.3.0/mno-hw-mul/libgcc.a(_muldi3.o)
 .bss           0x00000000040002bc        0x0 /home/sebastian95/intelFPGA_lite/16.1/nios2eds/bin/gnu/H-x86_64-pc-linux-gnu/bin/../lib/gcc/nios2-elf/5.3.0/mno-hw-mul/libgcc.a(_umoddi3.o)
 .bss           0x00000000040002bc        0x0 /home/sebastian95/intelFPGA_lite/16.1/nios2eds/bin/gnu/H-x86_64-pc-linux-gnu/bin/../lib/gcc/nios2-elf/5.3.0/mno-hw-mul/libgcc.a(_clz.o)
 *(COMMON)
                0x00000000040002bc                . = ALIGN (0x4)
                0x00000000040002bc                __bss_end = ABSOLUTE (.)

.onchip         0x0000000000001b90        0x0
                [!provide]                        PROVIDE (_alt_partition_onchip_start, ABSOLUTE (.))
 *(.onchip .onchip. onchip.*)
                0x0000000000001b90                . = ALIGN (0x4)
                [!provide]                        PROVIDE (_alt_partition_onchip_end, ABSOLUTE (.))
                [!provide]                        PROVIDE (_alt_partition_onchip_load_addr, LOADADDR (.onchip))

.sdram          0x00000000040002bc        0x0 load address 0x0000000000001b90
                [!provide]                        PROVIDE (_alt_partition_sdram_start, ABSOLUTE (.))
 *(.sdram .sdram. sdram.*)
                0x00000000040002bc                . = ALIGN (0x4)
                [!provide]                        PROVIDE (_alt_partition_sdram_end, ABSOLUTE (.))
                0x00000000040002bc                _end = ABSOLUTE (.)
                0x00000000040002bc                end = ABSOLUTE (.)
                0x00000000040002bc                __alt_stack_base = ABSOLUTE (.)
                [!provide]                        PROVIDE (_alt_partition_sdram_load_addr, LOADADDR (.sdram))

.stab
 *(.stab)

.stabstr
 *(.stabstr)

.stab.excl
 *(.stab.excl)

.stab.exclstr
 *(.stab.exclstr)

.stab.index
 *(.stab.index)

.stab.indexstr
 *(.stab.indexstr)

.comment        0x0000000000000000       0x23
 *(.comment)
 .comment       0x0000000000000000       0x23 obj/default/hello_world_small.o
                                         0x24 (size before relaxing)
 .comment       0x0000000000000023       0x24 /home/sebastian95/intelFPGA_lite/16.1/nios2eds/bin/gnu/H-x86_64-pc-linux-gnu/bin/../lib/gcc/nios2-elf/5.3.0/mno-hw-mul/libgcc.a(lib2-mul.o)
 .comment       0x0000000000000023       0x24 /home/sebastian95/intelFPGA_lite/16.1/nios2eds/bin/gnu/H-x86_64-pc-linux-gnu/bin/../lib/gcc/nios2-elf/5.3.0/../../../../../H-x86_64-pc-linux-gnu/nios2-elf/lib/mno-hw-mul/libsmallc.a(lib_a-printf.o)
 .comment       0x0000000000000023       0x24 /home/sebastian95/intelFPGA_lite/16.1/nios2eds/bin/gnu/H-x86_64-pc-linux-gnu/bin/../lib/gcc/nios2-elf/5.3.0/../../../../../H-x86_64-pc-linux-gnu/nios2-elf/lib/mno-hw-mul/libsmallc.a(lib_a-vfprintf.o)
 .comment       0x0000000000000023       0x24 /home/sebastian95/intelFPGA_lite/16.1/nios2eds/bin/gnu/H-x86_64-pc-linux-gnu/bin/../lib/gcc/nios2-elf/5.3.0/../../../../../H-x86_64-pc-linux-gnu/nios2-elf/lib/mno-hw-mul/libsmallc.a(lib_a-fvwrite_small_dev.o)
 .comment       0x0000000000000023       0x24 /home/sebastian95/intelFPGA_lite/16.1/nios2eds/bin/gnu/H-x86_64-pc-linux-gnu/bin/../lib/gcc/nios2-elf/5.3.0/../../../../../H-x86_64-pc-linux-gnu/nios2-elf/lib/mno-hw-mul/libsmallc.a(lib_a-impure.o)
 .comment       0x0000000000000023       0x24 /home/sebastian95/intelFPGA_lite/16.1/nios2eds/bin/gnu/H-x86_64-pc-linux-gnu/bin/../lib/gcc/nios2-elf/5.3.0/../../../../../H-x86_64-pc-linux-gnu/nios2-elf/lib/mno-hw-mul/libsmallc.a(lib_a-strlen.o)
 .comment       0x0000000000000023       0x24 /home/sebastian95/intelFPGA_lite/16.1/nios2eds/bin/gnu/H-x86_64-pc-linux-gnu/bin/../lib/gcc/nios2-elf/5.3.0/../../../../../H-x86_64-pc-linux-gnu/nios2-elf/lib/mno-hw-mul/libsmallc.a(lib_a-writer.o)
 .comment       0x0000000000000023       0x24 /home/sebastian95/intelFPGA_lite/16.1/nios2eds/bin/gnu/H-x86_64-pc-linux-gnu/bin/../lib/gcc/nios2-elf/5.3.0/../../../../../H-x86_64-pc-linux-gnu/nios2-elf/lib/mno-hw-mul/libsmallc.a(lib_a-int_errno.o)
 .comment       0x0000000000000023       0x24 /home/sebastian95/intelFPGA_lite/16.1/nios2eds/bin/gnu/H-x86_64-pc-linux-gnu/bin/../lib/gcc/nios2-elf/5.3.0/mno-hw-mul/libgcc.a(lib2-divmod.o)
 .comment       0x0000000000000023       0x24 ../Image_Filter_bsp//libhal_bsp.a(alt_gettod.o)
 .comment       0x0000000000000023       0x24 ../Image_Filter_bsp//libhal_bsp.a(alt_load.o)
 .comment       0x0000000000000023       0x24 ../Image_Filter_bsp//libhal_bsp.a(alt_main.o)
 .comment       0x0000000000000023       0x24 ../Image_Filter_bsp//libhal_bsp.a(alt_tick.o)
 .comment       0x0000000000000023       0x24 ../Image_Filter_bsp//libhal_bsp.a(alt_usleep.o)
 .comment       0x0000000000000023       0x24 ../Image_Filter_bsp//libhal_bsp.a(alt_write.o)
 .comment       0x0000000000000023       0x24 ../Image_Filter_bsp//libhal_bsp.a(alt_sys_init.o)
 .comment       0x0000000000000023       0x24 ../Image_Filter_bsp//libhal_bsp.a(altera_avalon_jtag_uart_write.o)
 .comment       0x0000000000000023       0x24 ../Image_Filter_bsp//libhal_bsp.a(alt_busy_sleep.o)
 .comment       0x0000000000000023       0x24 ../Image_Filter_bsp//libhal_bsp.a(alt_dcache_flush_all.o)
 .comment       0x0000000000000023       0x24 ../Image_Filter_bsp//libhal_bsp.a(alt_errno.o)
 .comment       0x0000000000000023       0x24 ../Image_Filter_bsp//libhal_bsp.a(alt_icache_flush_all.o)
 .comment       0x0000000000000023       0x24 ../Image_Filter_bsp//libhal_bsp.a(altera_nios2_gen2_irq.o)
 .comment       0x0000000000000023       0x24 /home/sebastian95/intelFPGA_lite/16.1/nios2eds/bin/gnu/H-x86_64-pc-linux-gnu/bin/../lib/gcc/nios2-elf/5.3.0/mno-hw-mul/libgcc.a(_muldi3.o)
 .comment       0x0000000000000023       0x24 /home/sebastian95/intelFPGA_lite/16.1/nios2eds/bin/gnu/H-x86_64-pc-linux-gnu/bin/../lib/gcc/nios2-elf/5.3.0/mno-hw-mul/libgcc.a(_umoddi3.o)
 .comment       0x0000000000000023       0x24 /home/sebastian95/intelFPGA_lite/16.1/nios2eds/bin/gnu/H-x86_64-pc-linux-gnu/bin/../lib/gcc/nios2-elf/5.3.0/mno-hw-mul/libgcc.a(_clz.o)

.debug
 *(.debug)

.line
 *(.line)

.debug_srcinfo
 *(.debug_srcinfo)

.debug_sfnames
 *(.debug_sfnames)

.debug_aranges  0x0000000000000000      0x368
 *(.debug_aranges)
 .debug_aranges
                0x0000000000000000       0x28 ../Image_Filter_bsp//obj/HAL/src/crt0.o
 .debug_aranges
                0x0000000000000028       0x28 obj/default/hello_world_small.o
 .debug_aranges
                0x0000000000000050       0x20 /home/sebastian95/intelFPGA_lite/16.1/nios2eds/bin/gnu/H-x86_64-pc-linux-gnu/bin/../lib/gcc/nios2-elf/5.3.0/mno-hw-mul/libgcc.a(lib2-mul.o)
 .debug_aranges
                0x0000000000000070       0x28 /home/sebastian95/intelFPGA_lite/16.1/nios2eds/bin/gnu/H-x86_64-pc-linux-gnu/bin/../lib/gcc/nios2-elf/5.3.0/../../../../../H-x86_64-pc-linux-gnu/nios2-elf/lib/mno-hw-mul/libsmallc.a(lib_a-printf.o)
 .debug_aranges
                0x0000000000000098       0x30 /home/sebastian95/intelFPGA_lite/16.1/nios2eds/bin/gnu/H-x86_64-pc-linux-gnu/bin/../lib/gcc/nios2-elf/5.3.0/../../../../../H-x86_64-pc-linux-gnu/nios2-elf/lib/mno-hw-mul/libsmallc.a(lib_a-vfprintf.o)
 .debug_aranges
                0x00000000000000c8       0x20 /home/sebastian95/intelFPGA_lite/16.1/nios2eds/bin/gnu/H-x86_64-pc-linux-gnu/bin/../lib/gcc/nios2-elf/5.3.0/../../../../../H-x86_64-pc-linux-gnu/nios2-elf/lib/mno-hw-mul/libsmallc.a(lib_a-fvwrite_small_dev.o)
 .debug_aranges
                0x00000000000000e8       0x18 /home/sebastian95/intelFPGA_lite/16.1/nios2eds/bin/gnu/H-x86_64-pc-linux-gnu/bin/../lib/gcc/nios2-elf/5.3.0/../../../../../H-x86_64-pc-linux-gnu/nios2-elf/lib/mno-hw-mul/libsmallc.a(lib_a-impure.o)
 .debug_aranges
                0x0000000000000100       0x20 /home/sebastian95/intelFPGA_lite/16.1/nios2eds/bin/gnu/H-x86_64-pc-linux-gnu/bin/../lib/gcc/nios2-elf/5.3.0/../../../../../H-x86_64-pc-linux-gnu/nios2-elf/lib/mno-hw-mul/libsmallc.a(lib_a-strlen.o)
 .debug_aranges
                0x0000000000000120       0x20 /home/sebastian95/intelFPGA_lite/16.1/nios2eds/bin/gnu/H-x86_64-pc-linux-gnu/bin/../lib/gcc/nios2-elf/5.3.0/../../../../../H-x86_64-pc-linux-gnu/nios2-elf/lib/mno-hw-mul/libsmallc.a(lib_a-writer.o)
 .debug_aranges
                0x0000000000000140       0x18 /home/sebastian95/intelFPGA_lite/16.1/nios2eds/bin/gnu/H-x86_64-pc-linux-gnu/bin/../lib/gcc/nios2-elf/5.3.0/../../../../../H-x86_64-pc-linux-gnu/nios2-elf/lib/mno-hw-mul/libsmallc.a(lib_a-int_errno.o)
 .debug_aranges
                0x0000000000000158       0x20 /home/sebastian95/intelFPGA_lite/16.1/nios2eds/bin/gnu/H-x86_64-pc-linux-gnu/bin/../lib/gcc/nios2-elf/5.3.0/mno-hw-mul/libgcc.a(lib2-divmod.o)
 .debug_aranges
                0x0000000000000178       0x20 ../Image_Filter_bsp//libhal_bsp.a(alt_gettod.o)
 .debug_aranges
                0x0000000000000198       0x20 ../Image_Filter_bsp//libhal_bsp.a(alt_load.o)
 .debug_aranges
                0x00000000000001b8       0x20 ../Image_Filter_bsp//libhal_bsp.a(alt_main.o)
 .debug_aranges
                0x00000000000001d8       0x20 ../Image_Filter_bsp//libhal_bsp.a(alt_tick.o)
 .debug_aranges
                0x00000000000001f8       0x20 ../Image_Filter_bsp//libhal_bsp.a(alt_usleep.o)
 .debug_aranges
                0x0000000000000218       0x20 ../Image_Filter_bsp//libhal_bsp.a(alt_write.o)
 .debug_aranges
                0x0000000000000238       0x20 ../Image_Filter_bsp//libhal_bsp.a(alt_sys_init.o)
 .debug_aranges
                0x0000000000000258       0x20 ../Image_Filter_bsp//libhal_bsp.a(altera_avalon_jtag_uart_write.o)
 .debug_aranges
                0x0000000000000278       0x20 ../Image_Filter_bsp//libhal_bsp.a(alt_busy_sleep.o)
 .debug_aranges
                0x0000000000000298       0x20 ../Image_Filter_bsp//libhal_bsp.a(alt_dcache_flush_all.o)
 .debug_aranges
                0x00000000000002b8       0x18 ../Image_Filter_bsp//libhal_bsp.a(alt_errno.o)
 .debug_aranges
                0x00000000000002d0       0x20 ../Image_Filter_bsp//libhal_bsp.a(alt_icache_flush_all.o)
 .debug_aranges
                0x00000000000002f0       0x20 ../Image_Filter_bsp//libhal_bsp.a(altera_nios2_gen2_irq.o)
 .debug_aranges
                0x0000000000000310       0x20 /home/sebastian95/intelFPGA_lite/16.1/nios2eds/bin/gnu/H-x86_64-pc-linux-gnu/bin/../lib/gcc/nios2-elf/5.3.0/mno-hw-mul/libgcc.a(_muldi3.o)
 .debug_aranges
                0x0000000000000330       0x20 /home/sebastian95/intelFPGA_lite/16.1/nios2eds/bin/gnu/H-x86_64-pc-linux-gnu/bin/../lib/gcc/nios2-elf/5.3.0/mno-hw-mul/libgcc.a(_umoddi3.o)
 .debug_aranges
                0x0000000000000350       0x18 /home/sebastian95/intelFPGA_lite/16.1/nios2eds/bin/gnu/H-x86_64-pc-linux-gnu/bin/../lib/gcc/nios2-elf/5.3.0/mno-hw-mul/libgcc.a(_clz.o)

.debug_pubnames
 *(.debug_pubnames)

.debug_info     0x0000000000000000     0x495b
 *(.debug_info .gnu.linkonce.wi.*)
 .debug_info    0x0000000000000000       0xa8 ../Image_Filter_bsp//obj/HAL/src/crt0.o
 .debug_info    0x00000000000000a8      0x583 obj/default/hello_world_small.o
 .debug_info    0x000000000000062b       0xb4 /home/sebastian95/intelFPGA_lite/16.1/nios2eds/bin/gnu/H-x86_64-pc-linux-gnu/bin/../lib/gcc/nios2-elf/5.3.0/mno-hw-mul/libgcc.a(lib2-mul.o)
 .debug_info    0x00000000000006df      0x699 /home/sebastian95/intelFPGA_lite/16.1/nios2eds/bin/gnu/H-x86_64-pc-linux-gnu/bin/../lib/gcc/nios2-elf/5.3.0/../../../../../H-x86_64-pc-linux-gnu/nios2-elf/lib/mno-hw-mul/libsmallc.a(lib_a-printf.o)
 .debug_info    0x0000000000000d78      0xb2b /home/sebastian95/intelFPGA_lite/16.1/nios2eds/bin/gnu/H-x86_64-pc-linux-gnu/bin/../lib/gcc/nios2-elf/5.3.0/../../../../../H-x86_64-pc-linux-gnu/nios2-elf/lib/mno-hw-mul/libsmallc.a(lib_a-vfprintf.o)
 .debug_info    0x00000000000018a3      0x62b /home/sebastian95/intelFPGA_lite/16.1/nios2eds/bin/gnu/H-x86_64-pc-linux-gnu/bin/../lib/gcc/nios2-elf/5.3.0/../../../../../H-x86_64-pc-linux-gnu/nios2-elf/lib/mno-hw-mul/libsmallc.a(lib_a-fvwrite_small_dev.o)
 .debug_info    0x0000000000001ece      0x5a9 /home/sebastian95/intelFPGA_lite/16.1/nios2eds/bin/gnu/H-x86_64-pc-linux-gnu/bin/../lib/gcc/nios2-elf/5.3.0/../../../../../H-x86_64-pc-linux-gnu/nios2-elf/lib/mno-hw-mul/libsmallc.a(lib_a-impure.o)
 .debug_info    0x0000000000002477       0xc9 /home/sebastian95/intelFPGA_lite/16.1/nios2eds/bin/gnu/H-x86_64-pc-linux-gnu/bin/../lib/gcc/nios2-elf/5.3.0/../../../../../H-x86_64-pc-linux-gnu/nios2-elf/lib/mno-hw-mul/libsmallc.a(lib_a-strlen.o)
 .debug_info    0x0000000000002540      0x630 /home/sebastian95/intelFPGA_lite/16.1/nios2eds/bin/gnu/H-x86_64-pc-linux-gnu/bin/../lib/gcc/nios2-elf/5.3.0/../../../../../H-x86_64-pc-linux-gnu/nios2-elf/lib/mno-hw-mul/libsmallc.a(lib_a-writer.o)
 .debug_info    0x0000000000002b70       0x8a /home/sebastian95/intelFPGA_lite/16.1/nios2eds/bin/gnu/H-x86_64-pc-linux-gnu/bin/../lib/gcc/nios2-elf/5.3.0/../../../../../H-x86_64-pc-linux-gnu/nios2-elf/lib/mno-hw-mul/libsmallc.a(lib_a-int_errno.o)
 .debug_info    0x0000000000002bfa      0x2c6 /home/sebastian95/intelFPGA_lite/16.1/nios2eds/bin/gnu/H-x86_64-pc-linux-gnu/bin/../lib/gcc/nios2-elf/5.3.0/mno-hw-mul/libgcc.a(lib2-divmod.o)
 .debug_info    0x0000000000002ec0      0x1d6 ../Image_Filter_bsp//libhal_bsp.a(alt_gettod.o)
 .debug_info    0x0000000000003096      0x1c9 ../Image_Filter_bsp//libhal_bsp.a(alt_load.o)
 .debug_info    0x000000000000325f      0x169 ../Image_Filter_bsp//libhal_bsp.a(alt_main.o)
 .debug_info    0x00000000000033c8      0x2a9 ../Image_Filter_bsp//libhal_bsp.a(alt_tick.o)
 .debug_info    0x0000000000003671       0xd1 ../Image_Filter_bsp//libhal_bsp.a(alt_usleep.o)
 .debug_info    0x0000000000003742      0x1c7 ../Image_Filter_bsp//libhal_bsp.a(alt_write.o)
 .debug_info    0x0000000000003909      0x185 ../Image_Filter_bsp//libhal_bsp.a(alt_sys_init.o)
 .debug_info    0x0000000000003a8e      0x197 ../Image_Filter_bsp//libhal_bsp.a(altera_avalon_jtag_uart_write.o)
 .debug_info    0x0000000000003c25       0xd8 ../Image_Filter_bsp//libhal_bsp.a(alt_busy_sleep.o)
 .debug_info    0x0000000000003cfd       0x92 ../Image_Filter_bsp//libhal_bsp.a(alt_dcache_flush_all.o)
 .debug_info    0x0000000000003d8f       0xa6 ../Image_Filter_bsp//libhal_bsp.a(alt_errno.o)
 .debug_info    0x0000000000003e35       0x92 ../Image_Filter_bsp//libhal_bsp.a(alt_icache_flush_all.o)
 .debug_info    0x0000000000003ec7       0x92 ../Image_Filter_bsp//libhal_bsp.a(altera_nios2_gen2_irq.o)
 .debug_info    0x0000000000003f59      0x1e9 /home/sebastian95/intelFPGA_lite/16.1/nios2eds/bin/gnu/H-x86_64-pc-linux-gnu/bin/../lib/gcc/nios2-elf/5.3.0/mno-hw-mul/libgcc.a(_muldi3.o)
 .debug_info    0x0000000000004142      0x767 /home/sebastian95/intelFPGA_lite/16.1/nios2eds/bin/gnu/H-x86_64-pc-linux-gnu/bin/../lib/gcc/nios2-elf/5.3.0/mno-hw-mul/libgcc.a(_umoddi3.o)
 .debug_info    0x00000000000048a9       0xb2 /home/sebastian95/intelFPGA_lite/16.1/nios2eds/bin/gnu/H-x86_64-pc-linux-gnu/bin/../lib/gcc/nios2-elf/5.3.0/mno-hw-mul/libgcc.a(_clz.o)

.debug_abbrev   0x0000000000000000     0x19bd
 *(.debug_abbrev)
 .debug_abbrev  0x0000000000000000       0x12 ../Image_Filter_bsp//obj/HAL/src/crt0.o
 .debug_abbrev  0x0000000000000012      0x1da obj/default/hello_world_small.o
 .debug_abbrev  0x00000000000001ec       0x6f /home/sebastian95/intelFPGA_lite/16.1/nios2eds/bin/gnu/H-x86_64-pc-linux-gnu/bin/../lib/gcc/nios2-elf/5.3.0/mno-hw-mul/libgcc.a(lib2-mul.o)
 .debug_abbrev  0x000000000000025b      0x1ee /home/sebastian95/intelFPGA_lite/16.1/nios2eds/bin/gnu/H-x86_64-pc-linux-gnu/bin/../lib/gcc/nios2-elf/5.3.0/../../../../../H-x86_64-pc-linux-gnu/nios2-elf/lib/mno-hw-mul/libsmallc.a(lib_a-printf.o)
 .debug_abbrev  0x0000000000000449      0x2a1 /home/sebastian95/intelFPGA_lite/16.1/nios2eds/bin/gnu/H-x86_64-pc-linux-gnu/bin/../lib/gcc/nios2-elf/5.3.0/../../../../../H-x86_64-pc-linux-gnu/nios2-elf/lib/mno-hw-mul/libsmallc.a(lib_a-vfprintf.o)
 .debug_abbrev  0x00000000000006ea      0x1bc /home/sebastian95/intelFPGA_lite/16.1/nios2eds/bin/gnu/H-x86_64-pc-linux-gnu/bin/../lib/gcc/nios2-elf/5.3.0/../../../../../H-x86_64-pc-linux-gnu/nios2-elf/lib/mno-hw-mul/libsmallc.a(lib_a-fvwrite_small_dev.o)
 .debug_abbrev  0x00000000000008a6      0x14a /home/sebastian95/intelFPGA_lite/16.1/nios2eds/bin/gnu/H-x86_64-pc-linux-gnu/bin/../lib/gcc/nios2-elf/5.3.0/../../../../../H-x86_64-pc-linux-gnu/nios2-elf/lib/mno-hw-mul/libsmallc.a(lib_a-impure.o)
 .debug_abbrev  0x00000000000009f0       0x7f /home/sebastian95/intelFPGA_lite/16.1/nios2eds/bin/gnu/H-x86_64-pc-linux-gnu/bin/../lib/gcc/nios2-elf/5.3.0/../../../../../H-x86_64-pc-linux-gnu/nios2-elf/lib/mno-hw-mul/libsmallc.a(lib_a-strlen.o)
 .debug_abbrev  0x0000000000000a6f      0x1a6 /home/sebastian95/intelFPGA_lite/16.1/nios2eds/bin/gnu/H-x86_64-pc-linux-gnu/bin/../lib/gcc/nios2-elf/5.3.0/../../../../../H-x86_64-pc-linux-gnu/nios2-elf/lib/mno-hw-mul/libsmallc.a(lib_a-writer.o)
 .debug_abbrev  0x0000000000000c15       0x37 /home/sebastian95/intelFPGA_lite/16.1/nios2eds/bin/gnu/H-x86_64-pc-linux-gnu/bin/../lib/gcc/nios2-elf/5.3.0/../../../../../H-x86_64-pc-linux-gnu/nios2-elf/lib/mno-hw-mul/libsmallc.a(lib_a-int_errno.o)
 .debug_abbrev  0x0000000000000c4c      0x10e /home/sebastian95/intelFPGA_lite/16.1/nios2eds/bin/gnu/H-x86_64-pc-linux-gnu/bin/../lib/gcc/nios2-elf/5.3.0/mno-hw-mul/libgcc.a(lib2-divmod.o)
 .debug_abbrev  0x0000000000000d5a      0x102 ../Image_Filter_bsp//libhal_bsp.a(alt_gettod.o)
 .debug_abbrev  0x0000000000000e5c       0xd8 ../Image_Filter_bsp//libhal_bsp.a(alt_load.o)
 .debug_abbrev  0x0000000000000f34       0xee ../Image_Filter_bsp//libhal_bsp.a(alt_main.o)
 .debug_abbrev  0x0000000000001022      0x187 ../Image_Filter_bsp//libhal_bsp.a(alt_tick.o)
 .debug_abbrev  0x00000000000011a9       0x8d ../Image_Filter_bsp//libhal_bsp.a(alt_usleep.o)
 .debug_abbrev  0x0000000000001236      0x12e ../Image_Filter_bsp//libhal_bsp.a(alt_write.o)
 .debug_abbrev  0x0000000000001364      0x107 ../Image_Filter_bsp//libhal_bsp.a(alt_sys_init.o)
 .debug_abbrev  0x000000000000146b       0xd5 ../Image_Filter_bsp//libhal_bsp.a(altera_avalon_jtag_uart_write.o)
 .debug_abbrev  0x0000000000001540       0x8d ../Image_Filter_bsp//libhal_bsp.a(alt_busy_sleep.o)
 .debug_abbrev  0x00000000000015cd       0x42 ../Image_Filter_bsp//libhal_bsp.a(alt_dcache_flush_all.o)
 .debug_abbrev  0x000000000000160f       0x5a ../Image_Filter_bsp//libhal_bsp.a(alt_errno.o)
 .debug_abbrev  0x0000000000001669       0x42 ../Image_Filter_bsp//libhal_bsp.a(alt_icache_flush_all.o)
 .debug_abbrev  0x00000000000016ab       0x42 ../Image_Filter_bsp//libhal_bsp.a(altera_nios2_gen2_irq.o)
 .debug_abbrev  0x00000000000016ed       0xe0 /home/sebastian95/intelFPGA_lite/16.1/nios2eds/bin/gnu/H-x86_64-pc-linux-gnu/bin/../lib/gcc/nios2-elf/5.3.0/mno-hw-mul/libgcc.a(_muldi3.o)
 .debug_abbrev  0x00000000000017cd      0x193 /home/sebastian95/intelFPGA_lite/16.1/nios2eds/bin/gnu/H-x86_64-pc-linux-gnu/bin/../lib/gcc/nios2-elf/5.3.0/mno-hw-mul/libgcc.a(_umoddi3.o)
 .debug_abbrev  0x0000000000001960       0x5d /home/sebastian95/intelFPGA_lite/16.1/nios2eds/bin/gnu/H-x86_64-pc-linux-gnu/bin/../lib/gcc/nios2-elf/5.3.0/mno-hw-mul/libgcc.a(_clz.o)

.debug_line     0x0000000000000000     0x1c38
 *(.debug_line)
 .debug_line    0x0000000000000000       0x66 ../Image_Filter_bsp//obj/HAL/src/crt0.o
 .debug_line    0x0000000000000066      0x1d9 obj/default/hello_world_small.o
 .debug_line    0x000000000000023f       0x80 /home/sebastian95/intelFPGA_lite/16.1/nios2eds/bin/gnu/H-x86_64-pc-linux-gnu/bin/../lib/gcc/nios2-elf/5.3.0/mno-hw-mul/libgcc.a(lib2-mul.o)
 .debug_line    0x00000000000002bf      0x203 /home/sebastian95/intelFPGA_lite/16.1/nios2eds/bin/gnu/H-x86_64-pc-linux-gnu/bin/../lib/gcc/nios2-elf/5.3.0/../../../../../H-x86_64-pc-linux-gnu/nios2-elf/lib/mno-hw-mul/libsmallc.a(lib_a-printf.o)
 .debug_line    0x00000000000004c2      0x351 /home/sebastian95/intelFPGA_lite/16.1/nios2eds/bin/gnu/H-x86_64-pc-linux-gnu/bin/../lib/gcc/nios2-elf/5.3.0/../../../../../H-x86_64-pc-linux-gnu/nios2-elf/lib/mno-hw-mul/libsmallc.a(lib_a-vfprintf.o)
 .debug_line    0x0000000000000813      0x1f0 /home/sebastian95/intelFPGA_lite/16.1/nios2eds/bin/gnu/H-x86_64-pc-linux-gnu/bin/../lib/gcc/nios2-elf/5.3.0/../../../../../H-x86_64-pc-linux-gnu/nios2-elf/lib/mno-hw-mul/libsmallc.a(lib_a-fvwrite_small_dev.o)
 .debug_line    0x0000000000000a03      0x156 /home/sebastian95/intelFPGA_lite/16.1/nios2eds/bin/gnu/H-x86_64-pc-linux-gnu/bin/../lib/gcc/nios2-elf/5.3.0/../../../../../H-x86_64-pc-linux-gnu/nios2-elf/lib/mno-hw-mul/libsmallc.a(lib_a-impure.o)
 .debug_line    0x0000000000000b59      0x15c /home/sebastian95/intelFPGA_lite/16.1/nios2eds/bin/gnu/H-x86_64-pc-linux-gnu/bin/../lib/gcc/nios2-elf/5.3.0/../../../../../H-x86_64-pc-linux-gnu/nios2-elf/lib/mno-hw-mul/libsmallc.a(lib_a-strlen.o)
 .debug_line    0x0000000000000cb5      0x1ed /home/sebastian95/intelFPGA_lite/16.1/nios2eds/bin/gnu/H-x86_64-pc-linux-gnu/bin/../lib/gcc/nios2-elf/5.3.0/../../../../../H-x86_64-pc-linux-gnu/nios2-elf/lib/mno-hw-mul/libsmallc.a(lib_a-writer.o)
 .debug_line    0x0000000000000ea2       0x5f /home/sebastian95/intelFPGA_lite/16.1/nios2eds/bin/gnu/H-x86_64-pc-linux-gnu/bin/../lib/gcc/nios2-elf/5.3.0/../../../../../H-x86_64-pc-linux-gnu/nios2-elf/lib/mno-hw-mul/libsmallc.a(lib_a-int_errno.o)
 .debug_line    0x0000000000000f01      0x105 /home/sebastian95/intelFPGA_lite/16.1/nios2eds/bin/gnu/H-x86_64-pc-linux-gnu/bin/../lib/gcc/nios2-elf/5.3.0/mno-hw-mul/libgcc.a(lib2-divmod.o)
 .debug_line    0x0000000000001006      0x14c ../Image_Filter_bsp//libhal_bsp.a(alt_gettod.o)
 .debug_line    0x0000000000001152       0xa4 ../Image_Filter_bsp//libhal_bsp.a(alt_load.o)
 .debug_line    0x00000000000011f6       0xbd ../Image_Filter_bsp//libhal_bsp.a(alt_main.o)
 .debug_line    0x00000000000012b3      0x104 ../Image_Filter_bsp//libhal_bsp.a(alt_tick.o)
 .debug_line    0x00000000000013b7       0xe3 ../Image_Filter_bsp//libhal_bsp.a(alt_usleep.o)
 .debug_line    0x000000000000149a      0x192 ../Image_Filter_bsp//libhal_bsp.a(alt_write.o)
 .debug_line    0x000000000000162c      0x101 ../Image_Filter_bsp//libhal_bsp.a(alt_sys_init.o)
 .debug_line    0x000000000000172d       0xf0 ../Image_Filter_bsp//libhal_bsp.a(altera_avalon_jtag_uart_write.o)
 .debug_line    0x000000000000181d       0xb5 ../Image_Filter_bsp//libhal_bsp.a(alt_busy_sleep.o)
 .debug_line    0x00000000000018d2       0x4e ../Image_Filter_bsp//libhal_bsp.a(alt_dcache_flush_all.o)
 .debug_line    0x0000000000001920       0x51 ../Image_Filter_bsp//libhal_bsp.a(alt_errno.o)
 .debug_line    0x0000000000001971       0x4e ../Image_Filter_bsp//libhal_bsp.a(alt_icache_flush_all.o)
 .debug_line    0x00000000000019bf       0x50 ../Image_Filter_bsp//libhal_bsp.a(altera_nios2_gen2_irq.o)
 .debug_line    0x0000000000001a0f       0x91 /home/sebastian95/intelFPGA_lite/16.1/nios2eds/bin/gnu/H-x86_64-pc-linux-gnu/bin/../lib/gcc/nios2-elf/5.3.0/mno-hw-mul/libgcc.a(_muldi3.o)
 .debug_line    0x0000000000001aa0      0x142 /home/sebastian95/intelFPGA_lite/16.1/nios2eds/bin/gnu/H-x86_64-pc-linux-gnu/bin/../lib/gcc/nios2-elf/5.3.0/mno-hw-mul/libgcc.a(_umoddi3.o)
 .debug_line    0x0000000000001be2       0x56 /home/sebastian95/intelFPGA_lite/16.1/nios2eds/bin/gnu/H-x86_64-pc-linux-gnu/bin/../lib/gcc/nios2-elf/5.3.0/mno-hw-mul/libgcc.a(_clz.o)

.debug_frame    0x0000000000000000      0x5b4
 *(.debug_frame)
 .debug_frame   0x0000000000000000       0xf4 obj/default/hello_world_small.o
 .debug_frame   0x00000000000000f4       0x20 /home/sebastian95/intelFPGA_lite/16.1/nios2eds/bin/gnu/H-x86_64-pc-linux-gnu/bin/../lib/gcc/nios2-elf/5.3.0/mno-hw-mul/libgcc.a(lib2-mul.o)
 .debug_frame   0x0000000000000114       0x48 /home/sebastian95/intelFPGA_lite/16.1/nios2eds/bin/gnu/H-x86_64-pc-linux-gnu/bin/../lib/gcc/nios2-elf/5.3.0/../../../../../H-x86_64-pc-linux-gnu/nios2-elf/lib/mno-hw-mul/libsmallc.a(lib_a-printf.o)
 .debug_frame   0x000000000000015c       0x8c /home/sebastian95/intelFPGA_lite/16.1/nios2eds/bin/gnu/H-x86_64-pc-linux-gnu/bin/../lib/gcc/nios2-elf/5.3.0/../../../../../H-x86_64-pc-linux-gnu/nios2-elf/lib/mno-hw-mul/libsmallc.a(lib_a-vfprintf.o)
 .debug_frame   0x00000000000001e8       0x58 /home/sebastian95/intelFPGA_lite/16.1/nios2eds/bin/gnu/H-x86_64-pc-linux-gnu/bin/../lib/gcc/nios2-elf/5.3.0/../../../../../H-x86_64-pc-linux-gnu/nios2-elf/lib/mno-hw-mul/libsmallc.a(lib_a-fvwrite_small_dev.o)
 .debug_frame   0x0000000000000240       0x20 /home/sebastian95/intelFPGA_lite/16.1/nios2eds/bin/gnu/H-x86_64-pc-linux-gnu/bin/../lib/gcc/nios2-elf/5.3.0/../../../../../H-x86_64-pc-linux-gnu/nios2-elf/lib/mno-hw-mul/libsmallc.a(lib_a-strlen.o)
 .debug_frame   0x0000000000000260       0x38 /home/sebastian95/intelFPGA_lite/16.1/nios2eds/bin/gnu/H-x86_64-pc-linux-gnu/bin/../lib/gcc/nios2-elf/5.3.0/../../../../../H-x86_64-pc-linux-gnu/nios2-elf/lib/mno-hw-mul/libsmallc.a(lib_a-writer.o)
 .debug_frame   0x0000000000000298       0x50 /home/sebastian95/intelFPGA_lite/16.1/nios2eds/bin/gnu/H-x86_64-pc-linux-gnu/bin/../lib/gcc/nios2-elf/5.3.0/mno-hw-mul/libgcc.a(lib2-divmod.o)
 .debug_frame   0x00000000000002e8       0x40 ../Image_Filter_bsp//libhal_bsp.a(alt_gettod.o)
 .debug_frame   0x0000000000000328       0x30 ../Image_Filter_bsp//libhal_bsp.a(alt_load.o)
 .debug_frame   0x0000000000000358       0x2c ../Image_Filter_bsp//libhal_bsp.a(alt_main.o)
 .debug_frame   0x0000000000000384       0x50 ../Image_Filter_bsp//libhal_bsp.a(alt_tick.o)
 .debug_frame   0x00000000000003d4       0x20 ../Image_Filter_bsp//libhal_bsp.a(alt_usleep.o)
 .debug_frame   0x00000000000003f4       0x2c ../Image_Filter_bsp//libhal_bsp.a(alt_write.o)
 .debug_frame   0x0000000000000420       0x3c ../Image_Filter_bsp//libhal_bsp.a(alt_sys_init.o)
 .debug_frame   0x000000000000045c       0x20 ../Image_Filter_bsp//libhal_bsp.a(altera_avalon_jtag_uart_write.o)
 .debug_frame   0x000000000000047c       0x30 ../Image_Filter_bsp//libhal_bsp.a(alt_busy_sleep.o)
 .debug_frame   0x00000000000004ac       0x20 ../Image_Filter_bsp//libhal_bsp.a(alt_dcache_flush_all.o)
 .debug_frame   0x00000000000004cc       0x20 ../Image_Filter_bsp//libhal_bsp.a(alt_icache_flush_all.o)
 .debug_frame   0x00000000000004ec       0x20 ../Image_Filter_bsp//libhal_bsp.a(altera_nios2_gen2_irq.o)
 .debug_frame   0x000000000000050c       0x54 /home/sebastian95/intelFPGA_lite/16.1/nios2eds/bin/gnu/H-x86_64-pc-linux-gnu/bin/../lib/gcc/nios2-elf/5.3.0/mno-hw-mul/libgcc.a(_muldi3.o)
 .debug_frame   0x0000000000000560       0x54 /home/sebastian95/intelFPGA_lite/16.1/nios2eds/bin/gnu/H-x86_64-pc-linux-gnu/bin/../lib/gcc/nios2-elf/5.3.0/mno-hw-mul/libgcc.a(_umoddi3.o)

.debug_str      0x0000000000000000     0x1388
 *(.debug_str)
 .debug_str     0x0000000000000000      0x203 obj/default/hello_world_small.o
                                        0x256 (size before relaxing)
 .debug_str     0x0000000000000203      0x149 /home/sebastian95/intelFPGA_lite/16.1/nios2eds/bin/gnu/H-x86_64-pc-linux-gnu/bin/../lib/gcc/nios2-elf/5.3.0/mno-hw-mul/libgcc.a(lib2-mul.o)
                                        0x194 (size before relaxing)
 .debug_str     0x000000000000034c      0x432 /home/sebastian95/intelFPGA_lite/16.1/nios2eds/bin/gnu/H-x86_64-pc-linux-gnu/bin/../lib/gcc/nios2-elf/5.3.0/../../../../../H-x86_64-pc-linux-gnu/nios2-elf/lib/mno-hw-mul/libsmallc.a(lib_a-printf.o)
                                        0x505 (size before relaxing)
 .debug_str     0x000000000000077e      0x1f9 /home/sebastian95/intelFPGA_lite/16.1/nios2eds/bin/gnu/H-x86_64-pc-linux-gnu/bin/../lib/gcc/nios2-elf/5.3.0/../../../../../H-x86_64-pc-linux-gnu/nios2-elf/lib/mno-hw-mul/libsmallc.a(lib_a-vfprintf.o)
                                        0x680 (size before relaxing)
 .debug_str     0x0000000000000977       0x78 /home/sebastian95/intelFPGA_lite/16.1/nios2eds/bin/gnu/H-x86_64-pc-linux-gnu/bin/../lib/gcc/nios2-elf/5.3.0/../../../../../H-x86_64-pc-linux-gnu/nios2-elf/lib/mno-hw-mul/libsmallc.a(lib_a-fvwrite_small_dev.o)
                                        0x4d5 (size before relaxing)
 .debug_str     0x00000000000009ef       0xf0 /home/sebastian95/intelFPGA_lite/16.1/nios2eds/bin/gnu/H-x86_64-pc-linux-gnu/bin/../lib/gcc/nios2-elf/5.3.0/../../../../../H-x86_64-pc-linux-gnu/nios2-elf/lib/mno-hw-mul/libsmallc.a(lib_a-impure.o)
                                        0x4bf (size before relaxing)
 .debug_str     0x0000000000000adf       0xd3 /home/sebastian95/intelFPGA_lite/16.1/nios2eds/bin/gnu/H-x86_64-pc-linux-gnu/bin/../lib/gcc/nios2-elf/5.3.0/../../../../../H-x86_64-pc-linux-gnu/nios2-elf/lib/mno-hw-mul/libsmallc.a(lib_a-strlen.o)
                                        0x1e6 (size before relaxing)
 .debug_str     0x0000000000000bb2       0x45 /home/sebastian95/intelFPGA_lite/16.1/nios2eds/bin/gnu/H-x86_64-pc-linux-gnu/bin/../lib/gcc/nios2-elf/5.3.0/../../../../../H-x86_64-pc-linux-gnu/nios2-elf/lib/mno-hw-mul/libsmallc.a(lib_a-writer.o)
                                        0x4b9 (size before relaxing)
 .debug_str     0x0000000000000bf7       0x3f /home/sebastian95/intelFPGA_lite/16.1/nios2eds/bin/gnu/H-x86_64-pc-linux-gnu/bin/../lib/gcc/nios2-elf/5.3.0/../../../../../H-x86_64-pc-linux-gnu/nios2-elf/lib/mno-hw-mul/libsmallc.a(lib_a-int_errno.o)
                                        0x1d9 (size before relaxing)
 .debug_str     0x0000000000000c36       0x7f /home/sebastian95/intelFPGA_lite/16.1/nios2eds/bin/gnu/H-x86_64-pc-linux-gnu/bin/../lib/gcc/nios2-elf/5.3.0/mno-hw-mul/libgcc.a(lib2-divmod.o)
                                        0x1d3 (size before relaxing)
 .debug_str     0x0000000000000cb5      0x120 ../Image_Filter_bsp//libhal_bsp.a(alt_gettod.o)
                                        0x263 (size before relaxing)
 .debug_str     0x0000000000000dd5      0x113 ../Image_Filter_bsp//libhal_bsp.a(alt_load.o)
                                        0x276 (size before relaxing)
 .debug_str     0x0000000000000ee8       0x8a ../Image_Filter_bsp//libhal_bsp.a(alt_main.o)
                                        0x1ef (size before relaxing)
 .debug_str     0x0000000000000f72       0xbc ../Image_Filter_bsp//libhal_bsp.a(alt_tick.o)
                                        0x28c (size before relaxing)
 .debug_str     0x000000000000102e       0x24 ../Image_Filter_bsp//libhal_bsp.a(alt_usleep.o)
                                        0x191 (size before relaxing)
 .debug_str     0x0000000000001052       0x76 ../Image_Filter_bsp//libhal_bsp.a(alt_write.o)
                                        0x21a (size before relaxing)
 .debug_str     0x00000000000010c8       0x6b ../Image_Filter_bsp//libhal_bsp.a(alt_sys_init.o)
                                        0x260 (size before relaxing)
 .debug_str     0x0000000000001133       0x2c ../Image_Filter_bsp//libhal_bsp.a(altera_avalon_jtag_uart_write.o)
                                        0x24f (size before relaxing)
 .debug_str     0x000000000000115f       0x33 ../Image_Filter_bsp//libhal_bsp.a(alt_busy_sleep.o)
                                        0x1a5 (size before relaxing)
 .debug_str     0x0000000000001192       0x1f ../Image_Filter_bsp//libhal_bsp.a(alt_dcache_flush_all.o)
                                        0x18f (size before relaxing)
 .debug_str     0x00000000000011b1       0x14 ../Image_Filter_bsp//libhal_bsp.a(alt_errno.o)
                                        0x17f (size before relaxing)
 .debug_str     0x00000000000011c5       0x1f ../Image_Filter_bsp//libhal_bsp.a(alt_icache_flush_all.o)
                                        0x18f (size before relaxing)
 .debug_str     0x00000000000011e4       0x20 ../Image_Filter_bsp//libhal_bsp.a(altera_nios2_gen2_irq.o)
                                        0x196 (size before relaxing)
 .debug_str     0x0000000000001204       0x8d /home/sebastian95/intelFPGA_lite/16.1/nios2eds/bin/gnu/H-x86_64-pc-linux-gnu/bin/../lib/gcc/nios2-elf/5.3.0/mno-hw-mul/libgcc.a(_muldi3.o)
                                        0x226 (size before relaxing)
 .debug_str     0x0000000000001291       0xf7 /home/sebastian95/intelFPGA_lite/16.1/nios2eds/bin/gnu/H-x86_64-pc-linux-gnu/bin/../lib/gcc/nios2-elf/5.3.0/mno-hw-mul/libgcc.a(_umoddi3.o)
                                        0x29d (size before relaxing)
 .debug_str     0x0000000000001388      0x1e4 /home/sebastian95/intelFPGA_lite/16.1/nios2eds/bin/gnu/H-x86_64-pc-linux-gnu/bin/../lib/gcc/nios2-elf/5.3.0/mno-hw-mul/libgcc.a(_clz.o)

.debug_loc      0x0000000000000000     0x2918
 *(.debug_loc)
 .debug_loc     0x0000000000000000      0x25b obj/default/hello_world_small.o
 .debug_loc     0x000000000000025b       0x93 /home/sebastian95/intelFPGA_lite/16.1/nios2eds/bin/gnu/H-x86_64-pc-linux-gnu/bin/../lib/gcc/nios2-elf/5.3.0/mno-hw-mul/libgcc.a(lib2-mul.o)
 .debug_loc     0x00000000000002ee       0xc6 /home/sebastian95/intelFPGA_lite/16.1/nios2eds/bin/gnu/H-x86_64-pc-linux-gnu/bin/../lib/gcc/nios2-elf/5.3.0/../../../../../H-x86_64-pc-linux-gnu/nios2-elf/lib/mno-hw-mul/libsmallc.a(lib_a-printf.o)
 .debug_loc     0x00000000000003b4      0x954 /home/sebastian95/intelFPGA_lite/16.1/nios2eds/bin/gnu/H-x86_64-pc-linux-gnu/bin/../lib/gcc/nios2-elf/5.3.0/../../../../../H-x86_64-pc-linux-gnu/nios2-elf/lib/mno-hw-mul/libsmallc.a(lib_a-vfprintf.o)
 .debug_loc     0x0000000000000d08      0x110 /home/sebastian95/intelFPGA_lite/16.1/nios2eds/bin/gnu/H-x86_64-pc-linux-gnu/bin/../lib/gcc/nios2-elf/5.3.0/../../../../../H-x86_64-pc-linux-gnu/nios2-elf/lib/mno-hw-mul/libsmallc.a(lib_a-fvwrite_small_dev.o)
 .debug_loc     0x0000000000000e18       0x1e /home/sebastian95/intelFPGA_lite/16.1/nios2eds/bin/gnu/H-x86_64-pc-linux-gnu/bin/../lib/gcc/nios2-elf/5.3.0/../../../../../H-x86_64-pc-linux-gnu/nios2-elf/lib/mno-hw-mul/libsmallc.a(lib_a-strlen.o)
 .debug_loc     0x0000000000000e36       0xa5 /home/sebastian95/intelFPGA_lite/16.1/nios2eds/bin/gnu/H-x86_64-pc-linux-gnu/bin/../lib/gcc/nios2-elf/5.3.0/../../../../../H-x86_64-pc-linux-gnu/nios2-elf/lib/mno-hw-mul/libsmallc.a(lib_a-writer.o)
 .debug_loc     0x0000000000000edb      0x4ce /home/sebastian95/intelFPGA_lite/16.1/nios2eds/bin/gnu/H-x86_64-pc-linux-gnu/bin/../lib/gcc/nios2-elf/5.3.0/mno-hw-mul/libgcc.a(lib2-divmod.o)
 .debug_loc     0x00000000000013a9       0xc6 ../Image_Filter_bsp//libhal_bsp.a(alt_gettod.o)
 .debug_loc     0x000000000000146f       0x75 ../Image_Filter_bsp//libhal_bsp.a(alt_tick.o)
 .debug_loc     0x00000000000014e4       0x21 ../Image_Filter_bsp//libhal_bsp.a(alt_usleep.o)
 .debug_loc     0x0000000000001505       0xcf ../Image_Filter_bsp//libhal_bsp.a(alt_write.o)
 .debug_loc     0x00000000000015d4       0x21 ../Image_Filter_bsp//libhal_bsp.a(alt_sys_init.o)
 .debug_loc     0x00000000000015f5       0x8b ../Image_Filter_bsp//libhal_bsp.a(altera_avalon_jtag_uart_write.o)
 .debug_loc     0x0000000000001680       0x67 ../Image_Filter_bsp//libhal_bsp.a(alt_busy_sleep.o)
 .debug_loc     0x00000000000016e7      0x15d /home/sebastian95/intelFPGA_lite/16.1/nios2eds/bin/gnu/H-x86_64-pc-linux-gnu/bin/../lib/gcc/nios2-elf/5.3.0/mno-hw-mul/libgcc.a(_muldi3.o)
 .debug_loc     0x0000000000001844     0x10d4 /home/sebastian95/intelFPGA_lite/16.1/nios2eds/bin/gnu/H-x86_64-pc-linux-gnu/bin/../lib/gcc/nios2-elf/5.3.0/mno-hw-mul/libgcc.a(_umoddi3.o)

.debug_macinfo
 *(.debug_macinfo)

.debug_weaknames
 *(.debug_weaknames)

.debug_funcnames
 *(.debug_funcnames)

.debug_typenames
 *(.debug_typenames)

.debug_varnames
 *(.debug_varnames)

.debug_alt_sim_info
                0x0000000000000000       0x40
 *(.debug_alt_sim_info)
 .debug_alt_sim_info
                0x0000000000000000       0x10 ../Image_Filter_bsp//obj/HAL/src/crt0.o
 .debug_alt_sim_info
                0x0000000000000010       0x30 ../Image_Filter_bsp//libhal_bsp.a(alt_busy_sleep.o)
                0x0000000008000000                __alt_data_end = 0x8000000
                0x0000000008000000                PROVIDE (__alt_stack_pointer, __alt_data_end)
                [!provide]                        PROVIDE (__alt_stack_limit, __alt_stack_base)
                [!provide]                        PROVIDE (__alt_heap_start, end)
                [!provide]                        PROVIDE (__alt_heap_limit, 0x8000000)
OUTPUT(Image_Filter.elf elf32-littlenios2)

.debug_ranges   0x0000000000000000      0x3b8
 .debug_ranges  0x0000000000000000       0x20 ../Image_Filter_bsp//obj/HAL/src/crt0.o
 .debug_ranges  0x0000000000000020       0x18 obj/default/hello_world_small.o
 .debug_ranges  0x0000000000000038       0x18 /home/sebastian95/intelFPGA_lite/16.1/nios2eds/bin/gnu/H-x86_64-pc-linux-gnu/bin/../lib/gcc/nios2-elf/5.3.0/../../../../../H-x86_64-pc-linux-gnu/nios2-elf/lib/mno-hw-mul/libsmallc.a(lib_a-printf.o)
 .debug_ranges  0x0000000000000050       0xc8 /home/sebastian95/intelFPGA_lite/16.1/nios2eds/bin/gnu/H-x86_64-pc-linux-gnu/bin/../lib/gcc/nios2-elf/5.3.0/../../../../../H-x86_64-pc-linux-gnu/nios2-elf/lib/mno-hw-mul/libsmallc.a(lib_a-vfprintf.o)
 .debug_ranges  0x0000000000000118       0x28 /home/sebastian95/intelFPGA_lite/16.1/nios2eds/bin/gnu/H-x86_64-pc-linux-gnu/bin/../lib/gcc/nios2-elf/5.3.0/../../../../../H-x86_64-pc-linux-gnu/nios2-elf/lib/mno-hw-mul/libsmallc.a(lib_a-fvwrite_small_dev.o)
 .debug_ranges  0x0000000000000140       0x10 /home/sebastian95/intelFPGA_lite/16.1/nios2eds/bin/gnu/H-x86_64-pc-linux-gnu/bin/../lib/gcc/nios2-elf/5.3.0/../../../../../H-x86_64-pc-linux-gnu/nios2-elf/lib/mno-hw-mul/libsmallc.a(lib_a-strlen.o)
 .debug_ranges  0x0000000000000150       0x10 /home/sebastian95/intelFPGA_lite/16.1/nios2eds/bin/gnu/H-x86_64-pc-linux-gnu/bin/../lib/gcc/nios2-elf/5.3.0/../../../../../H-x86_64-pc-linux-gnu/nios2-elf/lib/mno-hw-mul/libsmallc.a(lib_a-writer.o)
 .debug_ranges  0x0000000000000160       0x60 /home/sebastian95/intelFPGA_lite/16.1/nios2eds/bin/gnu/H-x86_64-pc-linux-gnu/bin/../lib/gcc/nios2-elf/5.3.0/mno-hw-mul/libgcc.a(lib2-divmod.o)
 .debug_ranges  0x00000000000001c0       0x48 ../Image_Filter_bsp//libhal_bsp.a(alt_load.o)
 .debug_ranges  0x0000000000000208       0x20 ../Image_Filter_bsp//libhal_bsp.a(alt_write.o)
 .debug_ranges  0x0000000000000228       0x30 /home/sebastian95/intelFPGA_lite/16.1/nios2eds/bin/gnu/H-x86_64-pc-linux-gnu/bin/../lib/gcc/nios2-elf/5.3.0/mno-hw-mul/libgcc.a(_muldi3.o)
 .debug_ranges  0x0000000000000258      0x160 /home/sebastian95/intelFPGA_lite/16.1/nios2eds/bin/gnu/H-x86_64-pc-linux-gnu/bin/../lib/gcc/nios2-elf/5.3.0/mno-hw-mul/libgcc.a(_umoddi3.o)
