Flow report for MultiCore
Fri Sep  1 20:13:03 2017
Quartus Prime Version 16.1.0 Build 196 10/24/2016 SJ Lite Edition


---------------------
; Table of Contents ;
---------------------
  1. Legal Notice
  2. Flow Summary
  3. Flow Settings
  4. Flow Non-Default Global Settings
  5. Flow Elapsed Time
  6. Flow OS Summary
  7. Flow Log
  8. Flow Messages
  9. Flow Suppressed Messages



----------------
; Legal Notice ;
----------------
Copyright (C) 2016  Intel Corporation. All rights reserved.
Your use of Intel Corporation's design tools, logic functions 
and other software and tools, and its AMPP partner logic 
functions, and any output files from any of the foregoing 
(including device programming or simulation files), and any 
associated documentation or information are expressly subject 
to the terms and conditions of the Intel Program License 
Subscription Agreement, the Intel Quartus Prime License Agreement,
the Intel MegaCore Function License Agreement, or other 
applicable license agreement, including, without limitation, 
that your use is for the sole purpose of programming logic 
devices manufactured by Intel and sold by Intel or its 
authorized distributors.  Please refer to the applicable 
agreement for further details.



+-------------------------------------------------------------------------------+
; Flow Summary                                                                  ;
+---------------------------------+---------------------------------------------+
; Flow Status                     ; Successful - Fri Sep  1 20:13:03 2017       ;
; Quartus Prime Version           ; 16.1.0 Build 196 10/24/2016 SJ Lite Edition ;
; Revision Name                   ; MultiCore                                   ;
; Top-level Entity Name           ; interconexion                               ;
; Family                          ; Cyclone V                                   ;
; Device                          ; 5CSEMA5F31C6                                ;
; Timing Models                   ; Final                                       ;
; Logic utilization (in ALMs)     ; 1,775 / 32,070 ( 6 % )                      ;
; Total registers                 ; 2506                                        ;
; Total pins                      ; 108 / 457 ( 24 % )                          ;
; Total virtual pins              ; 0                                           ;
; Total block memory bits         ; 44,288 / 4,065,280 ( 1 % )                  ;
; Total DSP Blocks                ; 0 / 87 ( 0 % )                              ;
; Total HSSI RX PCSs              ; 0                                           ;
; Total HSSI PMA RX Deserializers ; 0                                           ;
; Total HSSI TX PCSs              ; 0                                           ;
; Total HSSI PMA TX Serializers   ; 0                                           ;
; Total PLLs                      ; 0 / 6 ( 0 % )                               ;
; Total DLLs                      ; 1 / 4 ( 25 % )                              ;
+---------------------------------+---------------------------------------------+


+-----------------------------------------+
; Flow Settings                           ;
+-------------------+---------------------+
; Option            ; Setting             ;
+-------------------+---------------------+
; Start date & time ; 09/01/2017 19:58:47 ;
; Main task         ; Compilation         ;
; Revision Name     ; MultiCore           ;
+-------------------+---------------------+


+----------------------------------------------------------------------------------------------------------------------------------------------------------------------------------------+
; Flow Non-Default Global Settings                                                                                                                                                       ;
+---------------------------------------+-----------------------------------------------------------------------------+---------------+---------------------------------+----------------+
; Assignment Name                       ; Value                                                                       ; Default Value ; Entity Name                     ; Section Id     ;
+---------------------------------------+-----------------------------------------------------------------------------+---------------+---------------------------------+----------------+
; COMPILER_SIGNATURE_ID                 ; 92587420400369.150431752205389                                              ; --            ; --                              ; --             ;
; ECO_REGENERATE_REPORT                 ; On                                                                          ; Off           ; --                              ; --             ;
; EDA_OUTPUT_DATA_FORMAT                ; Verilog Hdl                                                                 ; --            ; --                              ; eda_simulation ;
; EDA_SIMULATION_TOOL                   ; ModelSim-Altera (Verilog)                                                   ; <None>        ; --                              ; --             ;
; EDA_TIME_SCALE                        ; 1 ps                                                                        ; --            ; --                              ; eda_simulation ;
; HPS_ISW_FILE                          ; interconexion/synthesis/submodules/sequencer/system.pre.h                   ; --            ; interconexion_hps_hps_io_border ; --             ;
; HPS_ISW_FILE                          ; interconexion/synthesis/submodules/sequencer/sequencer_auto_inst_init.pre.c ; --            ; interconexion_hps_hps_io_border ; --             ;
; HPS_ISW_FILE                          ; interconexion/synthesis/submodules/sequencer/sequencer_auto.pre.h           ; --            ; interconexion_hps_hps_io_border ; --             ;
; HPS_ISW_FILE                          ; interconexion/synthesis/submodules/sequencer/alt_types.pre.h                ; --            ; interconexion_hps_hps_io_border ; --             ;
; HPS_ISW_FILE                          ; interconexion/synthesis/submodules/sequencer/emif.pre.xml                   ; --            ; interconexion_hps_hps_io_border ; --             ;
; HPS_ISW_FILE                          ; interconexion/synthesis/submodules/sequencer/sequencer.pre.c                ; --            ; interconexion_hps_hps_io_border ; --             ;
; HPS_ISW_FILE                          ; interconexion/synthesis/submodules/sequencer/sequencer_defines.pre.h        ; --            ; interconexion_hps_hps_io_border ; --             ;
; HPS_ISW_FILE                          ; interconexion/synthesis/submodules/sequencer/sequencer.pre.h                ; --            ; interconexion_hps_hps_io_border ; --             ;
; HPS_ISW_FILE                          ; interconexion/synthesis/submodules/sequencer/tclrpt.pre.c                   ; --            ; interconexion_hps_hps_io_border ; --             ;
; HPS_ISW_FILE                          ; interconexion/synthesis/submodules/sequencer/sequencer_auto_ac_init.pre.c   ; --            ; interconexion_hps_hps_io_border ; --             ;
; HPS_ISW_FILE                          ; interconexion/synthesis/submodules/sequencer/tclrpt.pre.h                   ; --            ; interconexion_hps_hps_io_border ; --             ;
; HPS_ISW_FILE                          ; interconexion/synthesis/submodules/sequencer/sdram_io.pre.h                 ; --            ; interconexion_hps_hps_io_border ; --             ;
; HPS_ISW_FILE                          ; interconexion/synthesis/submodules/hps.pre.xml                              ; --            ; interconexion_hps_hps_io_border ; --             ;
; HPS_PARTITION                         ; On                                                                          ; --            ; interconexion_hps_hps_io_border ; --             ;
; MAX_CORE_JUNCTION_TEMP                ; 85                                                                          ; --            ; --                              ; --             ;
; MIN_CORE_JUNCTION_TEMP                ; 0                                                                           ; --            ; --                              ; --             ;
; MISC_FILE                             ; interconexion/synthesis/../interconexion.cmp                                ; --            ; --                              ; --             ;
; MISC_FILE                             ; interconexion/synthesis/interconexion_hps_hps.svd                           ; --            ; --                              ; --             ;
; MISC_FILE                             ; interconexion/synthesis/../../interconexion.qsys                            ; --            ; --                              ; --             ;
; MISC_FILE                             ; interconexion/synthesis/submodules/sequencer/system.pre.h                   ; --            ; --                              ; --             ;
; MISC_FILE                             ; interconexion/synthesis/submodules/sequencer/sequencer_auto_inst_init.pre.c ; --            ; --                              ; --             ;
; MISC_FILE                             ; interconexion/synthesis/submodules/sequencer/sequencer_auto.pre.h           ; --            ; --                              ; --             ;
; MISC_FILE                             ; interconexion/synthesis/submodules/sequencer/alt_types.pre.h                ; --            ; --                              ; --             ;
; MISC_FILE                             ; interconexion/synthesis/submodules/sequencer/emif.pre.xml                   ; --            ; --                              ; --             ;
; MISC_FILE                             ; interconexion/synthesis/submodules/sequencer/sequencer.pre.c                ; --            ; --                              ; --             ;
; MISC_FILE                             ; interconexion/synthesis/submodules/sequencer/sequencer_defines.pre.h        ; --            ; --                              ; --             ;
; MISC_FILE                             ; interconexion/synthesis/submodules/sequencer/sequencer.pre.h                ; --            ; --                              ; --             ;
; MISC_FILE                             ; interconexion/synthesis/submodules/sequencer/tclrpt.pre.c                   ; --            ; --                              ; --             ;
; MISC_FILE                             ; interconexion/synthesis/submodules/sequencer/sequencer_auto_ac_init.pre.c   ; --            ; --                              ; --             ;
; MISC_FILE                             ; interconexion/synthesis/submodules/sequencer/tclrpt.pre.h                   ; --            ; --                              ; --             ;
; MISC_FILE                             ; interconexion/synthesis/submodules/sequencer/sdram_io.pre.h                 ; --            ; --                              ; --             ;
; MISC_FILE                             ; interconexion/synthesis/submodules/hps.pre.xml                              ; --            ; --                              ; --             ;
; PARTITION_COLOR                       ; -- (Not supported for targeted family)                                      ; --            ; interconexion                   ; Top            ;
; PARTITION_FITTER_PRESERVATION_LEVEL   ; -- (Not supported for targeted family)                                      ; --            ; interconexion                   ; Top            ;
; PARTITION_NETLIST_TYPE                ; -- (Not supported for targeted family)                                      ; --            ; interconexion                   ; Top            ;
; POWER_BOARD_THERMAL_MODEL             ; None (CONSERVATIVE)                                                         ; --            ; --                              ; --             ;
; POWER_PRESET_COOLING_SOLUTION         ; 23 MM HEAT SINK WITH 200 LFPM AIRFLOW                                       ; --            ; --                              ; --             ;
; PROJECT_OUTPUT_DIRECTORY              ; output_files                                                                ; --            ; --                              ; --             ;
; SLD_FILE                              ; interconexion/synthesis/interconexion.regmap                                ; --            ; --                              ; --             ;
; SLD_FILE                              ; interconexion/synthesis/interconexion.debuginfo                             ; --            ; --                              ; --             ;
; SLD_INFO                              ; QSYS_NAME interconexion HAS_SOPCINFO 1 GENERATION_ID 1504317216             ; --            ; interconexion                   ; --             ;
; SOPCINFO_FILE                         ; interconexion/synthesis/../../interconexion.sopcinfo                        ; --            ; --                              ; --             ;
; SYNTHESIS_ONLY_QIP                    ; On                                                                          ; --            ; --                              ; --             ;
; TOP_LEVEL_ENTITY                      ; interconexion                                                               ; MultiCore     ; --                              ; --             ;
; USE_DLL_FREQUENCY_FOR_DQS_DELAY_CHAIN ; On                                                                          ; Off           ; --                              ; --             ;
+---------------------------------------+-----------------------------------------------------------------------------+---------------+---------------------------------+----------------+


+-------------------------------------------------------------------------------------------------------------------------------+
; Flow Elapsed Time                                                                                                             ;
+---------------------------+--------------+-------------------------+---------------------+------------------------------------+
; Module Name               ; Elapsed Time ; Average Processors Used ; Peak Virtual Memory ; Total CPU Time (on all processors) ;
+---------------------------+--------------+-------------------------+---------------------+------------------------------------+
; Analysis & Synthesis      ; 00:01:50     ; 1.0                     ; 1308 MB             ; 00:02:04                           ;
; Fitter                    ; 00:05:59     ; 1.0                     ; 3112 MB             ; 00:04:58                           ;
; Assembler                 ; 00:00:20     ; 1.0                     ; 1028 MB             ; 00:00:15                           ;
; TimeQuest Timing Analyzer ; 00:00:48     ; 1.2                     ; 1796 MB             ; 00:00:52                           ;
; EDA Netlist Writer        ; 00:00:08     ; 1.0                     ; 1246 MB             ; 00:00:07                           ;
; Total                     ; 00:09:05     ; --                      ; --                  ; 00:08:16                           ;
+---------------------------+--------------+-------------------------+---------------------+------------------------------------+


+------------------------------------------------------------------------------------------------------+
; Flow OS Summary                                                                                      ;
+---------------------------+---------------------------+----------------+------------+----------------+
; Module Name               ; Machine Hostname          ; OS Name        ; OS Version ; Processor type ;
+---------------------------+---------------------------+----------------+------------+----------------+
; Analysis & Synthesis      ; sebastian95-Inspiron-3537 ; Ubuntu 16.04.2 ; 16         ; x86_64         ;
; Fitter                    ; sebastian95-Inspiron-3537 ; Ubuntu 16.04.2 ; 16         ; x86_64         ;
; Assembler                 ; sebastian95-Inspiron-3537 ; Ubuntu 16.04.2 ; 16         ; x86_64         ;
; TimeQuest Timing Analyzer ; sebastian95-Inspiron-3537 ; Ubuntu 16.04.2 ; 16         ; x86_64         ;
; EDA Netlist Writer        ; sebastian95-Inspiron-3537 ; Ubuntu 16.04.2 ; 16         ; x86_64         ;
+---------------------------+---------------------------+----------------+------------+----------------+


------------
; Flow Log ;
------------
quartus_map --read_settings_files=on --write_settings_files=off MultiCore -c MultiCore
quartus_fit --read_settings_files=off --write_settings_files=off MultiCore -c MultiCore
quartus_asm --read_settings_files=off --write_settings_files=off MultiCore -c MultiCore
quartus_sta MultiCore -c MultiCore
quartus_eda --read_settings_files=off --write_settings_files=off MultiCore -c MultiCore



