Flow report for MultipleCoreFilter
Sat Sep  2 13:07:42 2017
Quartus Prime Version 16.1.0 Build 196 10/24/2016 SJ Lite Edition


---------------------
; Table of Contents ;
---------------------
  1. Legal Notice
  2. Flow Summary
  3. Flow Settings
  4. Flow Non-Default Global Settings
  5. Flow Elapsed Time
  6. Flow OS Summary
  7. Flow Log
  8. Flow Messages
  9. Flow Suppressed Messages



----------------
; Legal Notice ;
----------------
Copyright (C) 2016  Intel Corporation. All rights reserved.
Your use of Intel Corporation's design tools, logic functions 
and other software and tools, and its AMPP partner logic 
functions, and any output files from any of the foregoing 
(including device programming or simulation files), and any 
associated documentation or information are expressly subject 
to the terms and conditions of the Intel Program License 
Subscription Agreement, the Intel Quartus Prime License Agreement,
the Intel MegaCore Function License Agreement, or other 
applicable license agreement, including, without limitation, 
that your use is for the sole purpose of programming logic 
devices manufactured by Intel and sold by Intel or its 
authorized distributors.  Please refer to the applicable 
agreement for further details.



+-------------------------------------------------------------------------------+
; Flow Summary                                                                  ;
+---------------------------------+---------------------------------------------+
; Flow Status                     ; Successful - Sat Sep  2 13:07:42 2017       ;
; Quartus Prime Version           ; 16.1.0 Build 196 10/24/2016 SJ Lite Edition ;
; Revision Name                   ; MultipleCoreFilter                          ;
; Top-level Entity Name           ; multicore                                   ;
; Family                          ; Cyclone V                                   ;
; Device                          ; 5CSEMA5F31C6                                ;
; Timing Models                   ; Final                                       ;
; Logic utilization (in ALMs)     ; 679 / 32,070 ( 2 % )                        ;
; Total registers                 ; 930                                         ;
; Total pins                      ; 10 / 457 ( 2 % )                            ;
; Total virtual pins              ; 0                                           ;
; Total block memory bits         ; 44,032 / 4,065,280 ( 1 % )                  ;
; Total DSP Blocks                ; 0 / 87 ( 0 % )                              ;
; Total HSSI RX PCSs              ; 0                                           ;
; Total HSSI PMA RX Deserializers ; 0                                           ;
; Total HSSI TX PCSs              ; 0                                           ;
; Total HSSI PMA TX Serializers   ; 0                                           ;
; Total PLLs                      ; 0 / 6 ( 0 % )                               ;
; Total DLLs                      ; 0 / 4 ( 0 % )                               ;
+---------------------------------+---------------------------------------------+


+-----------------------------------------+
; Flow Settings                           ;
+-------------------+---------------------+
; Option            ; Setting             ;
+-------------------+---------------------+
; Start date & time ; 09/02/2017 13:04:43 ;
; Main task         ; Compilation         ;
; Revision Name     ; MultipleCoreFilter  ;
+-------------------+---------------------+


+-------------------------------------------------------------------------------------------------------------------------------------------------------+
; Flow Non-Default Global Settings                                                                                                                      ;
+-------------------------------------+-------------------------------------------------------------+--------------------+-------------+----------------+
; Assignment Name                     ; Value                                                       ; Default Value      ; Entity Name ; Section Id     ;
+-------------------------------------+-------------------------------------------------------------+--------------------+-------------+----------------+
; COMPILER_SIGNATURE_ID               ; 92587420400369.150437908311392                              ; --                 ; --          ; --             ;
; EDA_OUTPUT_DATA_FORMAT              ; Verilog Hdl                                                 ; --                 ; --          ; eda_simulation ;
; EDA_SIMULATION_TOOL                 ; ModelSim-Altera (Verilog)                                   ; <None>             ; --          ; --             ;
; EDA_TIME_SCALE                      ; 1 ps                                                        ; --                 ; --          ; eda_simulation ;
; MAX_CORE_JUNCTION_TEMP              ; 85                                                          ; --                 ; --          ; --             ;
; MIN_CORE_JUNCTION_TEMP              ; 0                                                           ; --                 ; --          ; --             ;
; MISC_FILE                           ; multicore/synthesis/../multicore.cmp                        ; --                 ; --          ; --             ;
; MISC_FILE                           ; multicore/synthesis/../../multicore.qsys                    ; --                 ; --          ; --             ;
; PARTITION_COLOR                     ; -- (Not supported for targeted family)                      ; --                 ; multicore   ; Top            ;
; PARTITION_FITTER_PRESERVATION_LEVEL ; -- (Not supported for targeted family)                      ; --                 ; multicore   ; Top            ;
; PARTITION_NETLIST_TYPE              ; -- (Not supported for targeted family)                      ; --                 ; multicore   ; Top            ;
; POWER_BOARD_THERMAL_MODEL           ; None (CONSERVATIVE)                                         ; --                 ; --          ; --             ;
; POWER_PRESET_COOLING_SOLUTION       ; 23 MM HEAT SINK WITH 200 LFPM AIRFLOW                       ; --                 ; --          ; --             ;
; PROJECT_OUTPUT_DIRECTORY            ; output_files                                                ; --                 ; --          ; --             ;
; SLD_FILE                            ; multicore/synthesis/multicore.regmap                        ; --                 ; --          ; --             ;
; SLD_FILE                            ; multicore/synthesis/multicore.debuginfo                     ; --                 ; --          ; --             ;
; SLD_INFO                            ; QSYS_NAME multicore HAS_SOPCINFO 1 GENERATION_ID 1504378605 ; --                 ; multicore   ; --             ;
; SOPCINFO_FILE                       ; multicore/synthesis/../../multicore.sopcinfo                ; --                 ; --          ; --             ;
; SYNTHESIS_ONLY_QIP                  ; On                                                          ; --                 ; --          ; --             ;
; TOP_LEVEL_ENTITY                    ; multicore                                                   ; MultipleCoreFilter ; --          ; --             ;
+-------------------------------------+-------------------------------------------------------------+--------------------+-------------+----------------+


+-------------------------------------------------------------------------------------------------------------------------------+
; Flow Elapsed Time                                                                                                             ;
+---------------------------+--------------+-------------------------+---------------------+------------------------------------+
; Module Name               ; Elapsed Time ; Average Processors Used ; Peak Virtual Memory ; Total CPU Time (on all processors) ;
+---------------------------+--------------+-------------------------+---------------------+------------------------------------+
; Analysis & Synthesis      ; 00:00:49     ; 1.0                     ; 1146 MB             ; 00:01:24                           ;
; Fitter                    ; 00:01:27     ; 1.0                     ; 2150 MB             ; 00:02:38                           ;
; Assembler                 ; 00:00:13     ; 1.0                     ; 983 MB              ; 00:00:09                           ;
; TimeQuest Timing Analyzer ; 00:00:12     ; 1.3                     ; 1234 MB             ; 00:00:14                           ;
; EDA Netlist Writer        ; 00:00:04     ; 1.0                     ; 1175 MB             ; 00:00:03                           ;
; Total                     ; 00:02:45     ; --                      ; --                  ; 00:04:28                           ;
+---------------------------+--------------+-------------------------+---------------------+------------------------------------+


+------------------------------------------------------------------------------------------------------+
; Flow OS Summary                                                                                      ;
+---------------------------+---------------------------+----------------+------------+----------------+
; Module Name               ; Machine Hostname          ; OS Name        ; OS Version ; Processor type ;
+---------------------------+---------------------------+----------------+------------+----------------+
; Analysis & Synthesis      ; sebastian95-Inspiron-3537 ; Ubuntu 16.04.2 ; 16         ; x86_64         ;
; Fitter                    ; sebastian95-Inspiron-3537 ; Ubuntu 16.04.2 ; 16         ; x86_64         ;
; Assembler                 ; sebastian95-Inspiron-3537 ; Ubuntu 16.04.2 ; 16         ; x86_64         ;
; TimeQuest Timing Analyzer ; sebastian95-Inspiron-3537 ; Ubuntu 16.04.2 ; 16         ; x86_64         ;
; EDA Netlist Writer        ; sebastian95-Inspiron-3537 ; Ubuntu 16.04.2 ; 16         ; x86_64         ;
+---------------------------+---------------------------+----------------+------------+----------------+


------------
; Flow Log ;
------------
quartus_map --read_settings_files=on --write_settings_files=off MultipleCoreFilter -c MultipleCoreFilter
quartus_fit --read_settings_files=off --write_settings_files=off MultipleCoreFilter -c MultipleCoreFilter
quartus_asm --read_settings_files=off --write_settings_files=off MultipleCoreFilter -c MultipleCoreFilter
quartus_sta MultipleCoreFilter -c MultipleCoreFilter
quartus_eda --read_settings_files=off --write_settings_files=off MultipleCoreFilter -c MultipleCoreFilter



